sales_data.csv
date,product,category,demand,price,promotion_flag,month,quarter,week_of_year,lag_1,lag_2,lag_3,rolling_mean_3,rolling_mean_6
2023-04-02,Product_A,Beverages,202.93,47.81,0,4,2,13,304.24,254.78,241.0,266.6733333333333,259.6416666666667
2023-04-09,Product_A,Beverages,250.33,41.12,0,4,2,14,202.93,304.24,254.78,253.98333333333326,245.035
2023-04-16,Product_A,Beverages,225.28,61.66,0,4,2,15,250.33,202.93,304.24,252.49999999999997,247.19333333333336
2023-04-23,Product_A,Beverages,194.34,86.21,0,4,2,16,225.28,250.33,202.93,226.17999999999998,246.42666666666665
2023-04-30,Product_A,Beverages,216.92,88.5,0,4,2,17,194.34,225.28,250.33,223.31666666666663,238.65
2023-05-07,Product_A,Beverages,200.74,39.66,0,5,2,18,216.92,194.34,225.28,212.17999999999995,232.34
2023-05-14,Product_A,Beverages,282.21,24.67,1,5,2,19,200.74,216.92,194.34,203.99999999999997,215.09
2023-05-21,Product_A,Beverages,277.61,26.39,1,5,2,20,282.21,200.74,216.92,233.28999999999996,228.3033333333333
2023-05-28,Product_A,Beverages,205.77,40.93,0,5,2,21,277.61,282.21,200.74,253.51999999999998,232.85
2023-06-04,Product_A,Beverages,187.8,50.55,0,6,2,22,205.77,277.61,282.21,255.19666666666663,229.59833333333336
2023-06-11,Product_A,Beverages,216.86,18.07,0,6,2,23,187.8,205.77,277.61,223.72666666666666,228.50833333333333
2023-06-18,Product_A,Beverages,253.93,35.89,1,6,2,24,216.86,187.8,205.77,203.47666666666666,228.49833333333333
2023-06-25,Product_A,Beverages,189.41,42.32,0,6,2,25,253.93,216.86,187.8,219.52999999999997,237.36333333333334
2023-07-02,Product_A,Beverages,173.07,66.78,0,7,3,26,189.41,253.93,216.86,220.0666666666666,221.89666666666668
2023-07-09,Product_A,Beverages,181.62,84.07,0,7,3,27,173.07,189.41,253.93,205.46999999999994,204.47333333333333
2023-07-16,Product_A,Beverages,249.38,35.77,1,7,3,28,181.62,173.07,189.41,181.36666666666665,200.44833333333335
2023-07-23,Product_A,Beverages,202.73,30.7,0,7,3,29,249.38,181.62,173.07,201.35666666666665,210.71166666666667
2023-07-30,Product_A,Beverages,165.83,51.34,0,7,3,30,202.73,249.38,181.62,211.2433333333333,208.35666666666668
2023-08-06,Product_A,Beverages,190.35,71.06,0,8,3,31,165.83,202.73,249.38,205.97999999999993,193.67333333333332
2023-08-13,Product_A,Beverages,238.65,33.93,1,8,3,32,190.35,165.83,202.73,186.30333333333328,193.83
2023-08-20,Product_A,Beverages,179.77,54.91,0,8,3,33,238.65,190.35,165.83,198.27666666666664,204.76
2023-08-27,Product_A,Beverages,204.59,48.56,1,8,3,34,179.77,238.65,190.35,202.9233333333333,204.45166666666668
2023-09-03,Product_A,Beverages,177.3,43.3,0,9,3,35,204.59,179.77,238.65,207.66999999999996,196.98666666666668
2023-09-10,Product_A,Beverages,216.52,39.16,1,9,3,36,177.3,204.59,179.77,187.21999999999994,192.74833333333333
2023-09-17,Product_A,Beverages,199.85,81.79,1,9,3,37,216.52,177.3,204.59,199.47,201.1966666666667
2023-09-24,Product_A,Beverages,168.93,65.93,0,9,3,38,199.85,216.52,177.3,197.88999999999996,202.78
2023-10-01,Product_A,Beverages,246.52,55.28,1,10,4,39,168.93,199.85,216.52,195.1,191.16
2023-10-08,Product_A,Beverages,157.45,70.91,0,10,4,40,246.52,168.93,199.85,205.1,202.285
2023-10-15,Product_A,Beverages,176.56,42.23,0,10,4,41,157.45,246.52,168.93,190.9666666666666,194.42833333333337
2023-10-22,Product_A,Beverages,155.83,57.81,0,10,4,42,176.56,157.45,246.52,193.50999999999996,194.30499999999998
2023-10-29,Product_A,Beverages,241.21,26.46,1,10,4,43,155.83,176.56,157.45,163.27999999999997,184.19000000000003
2023-11-05,Product_A,Beverages,185.94,27.05,0,11,4,44,241.21,155.83,176.56,191.19999999999996,191.08333333333334
2023-11-12,Product_A,Beverages,218.42,82.26,1,11,4,45,185.94,241.21,155.83,194.32666666666663,193.91833333333332
2023-11-19,Product_A,Beverages,241.36,54.34,1,11,4,46,218.42,185.94,241.21,215.18999999999997,189.23499999999999
2023-11-26,Product_A,Beverages,239.33,44.84,1,11,4,47,241.36,218.42,185.94,215.23999999999992,203.22000000000003
2023-12-03,Product_A,Beverages,188.27,79.91,0,12,4,48,239.33,241.36,218.42,233.03666666666663,213.6816666666667
2023-12-10,Product_A,Beverages,260.69,65.15,1,12,4,49,188.27,239.33,241.36,222.98666666666665,219.08833333333334
2023-12-17,Product_A,Beverages,178.92,56.76,0,12,4,50,260.69,188.27,239.33,229.42999999999998,222.335
2023-12-24,Product_A,Beverages,216.91,29.03,0,12,4,51,178.92,260.69,188.27,209.2933333333333,221.165
2023-12-31,Product_A,Beverages,182.13,46.91,0,12,4,52,216.91,178.92,260.69,218.83999999999995,220.91333333333333
2024-01-07,Product_A,Beverages,267.19,60.8,1,1,1,1,182.13,216.91,178.92,192.65333333333328,211.04166666666666
2024-01-14,Product_A,Beverages,216.23,58.59,0,1,1,2,267.19,182.13,216.91,222.07666666666663,215.68499999999997
2024-01-21,Product_A,Beverages,210.2,18.89,0,1,1,3,216.23,267.19,182.13,221.84999999999994,220.345
2024-01-28,Product_A,Beverages,239.78,25.08,0,1,1,4,210.2,216.23,267.19,231.20666666666662,211.92999999999998
2024-02-04,Product_A,Beverages,218.42,66.11,0,2,1,5,239.78,210.2,216.23,222.06999999999994,222.07333333333335
2024-02-11,Product_A,Beverages,193.58,59.67,0,2,1,6,218.42,239.78,210.2,222.79999999999995,222.32500000000002
2024-02-18,Product_A,Beverages,210.85,84.71,0,2,1,7,193.58,218.42,239.78,217.26,224.23333333333335
2024-02-25,Product_A,Beverages,226.61,87.38,0,2,1,8,210.85,193.58,218.42,207.61666666666665,214.84333333333333
2024-03-03,Product_A,Beverages,231.76,28.59,0,3,1,9,226.61,210.85,193.58,210.34666666666666,216.57333333333335
2024-03-10,Product_A,Beverages,296.14,70.58,1,3,1,10,231.76,226.61,210.85,223.0733333333333,220.16666666666666
2024-03-17,Product_A,Beverages,282.42,74.65,1,3,1,11,296.14,231.76,226.61,251.5033333333333,229.56000000000003
2024-03-24,Product_A,Beverages,246.3,27.27,0,3,1,12,282.42,296.14,231.76,270.1066666666666,240.22666666666666
2024-03-31,Product_A,Beverages,228.23,54.23,0,3,1,13,246.3,282.42,296.14,274.9533333333333,249.01333333333332
2024-04-07,Product_A,Beverages,240.36,80.79,0,4,2,14,228.23,246.3,282.42,252.31666666666663,251.91
2024-04-14,Product_A,Beverages,227.29,43.27,0,4,2,15,240.36,228.23,246.3,238.29666666666662,254.20166666666668
2024-04-21,Product_A,Beverages,234.76,37.6,0,4,2,16,227.29,240.36,228.23,231.95999999999995,253.45666666666668
2024-04-28,Product_A,Beverages,246.83,82.47,0,4,2,17,234.76,227.29,240.36,234.13666666666663,243.22666666666666
2024-05-05,Product_A,Beverages,222.44,55.77,0,5,2,18,246.83,234.76,227.29,236.2933333333333,237.295
2024-05-12,Product_A,Beverages,272.58,85.49,1,5,2,19,222.44,246.83,234.76,234.67666666666662,233.3183333333333
2024-05-19,Product_A,Beverages,227.95,40.12,0,5,2,20,272.58,222.44,246.83,247.2833333333333,240.71000000000004
2024-05-26,Product_A,Beverages,213.75,55.01,0,5,2,21,227.95,272.58,222.44,240.98999999999992,238.64166666666665
2024-06-02,Product_A,Beverages,193.43,74.14,0,6,2,22,213.75,227.95,272.58,238.09333333333333,236.385
2024-06-09,Product_A,Beverages,188.88,70.8,0,6,2,23,193.43,213.75,227.95,211.70999999999995,229.49666666666667
2024-06-16,Product_A,Beverages,260.83,57.74,1,6,2,24,188.88,193.43,213.75,198.68666666666664,219.83833333333337
2024-06-23,Product_A,Beverages,204.16,76.59,0,6,2,25,260.83,188.88,193.43,214.37999999999997,226.23666666666668
2024-06-30,Product_A,Beverages,245.32,78.48,1,6,2,26,204.16,260.83,188.88,217.95666666666662,214.83333333333334
2024-07-07,Product_A,Beverages,183.54,26.24,0,7,3,27,245.32,204.16,260.83,236.76999999999995,217.72833333333335
2024-07-14,Product_A,Beverages,198.76,69.17,0,7,3,28,183.54,245.32,204.16,211.00666666666663,212.69333333333336
2024-07-21,Product_A,Beverages,209.01,55.7,0,7,3,29,198.76,183.54,245.32,209.20666666666662,213.58166666666668
2024-07-28,Product_A,Beverages,168.91,40.93,0,7,3,30,209.01,198.76,183.54,197.10333333333327,216.9366666666667
2024-08-04,Product_A,Beverages,192.57,86.05,0,8,3,31,168.91,209.01,198.76,192.2266666666666,201.61666666666665
2024-08-11,Product_A,Beverages,262.72,58.97,1,8,3,32,192.57,168.91,209.01,190.1633333333333,199.68499999999997
2024-08-18,Product_A,Beverages,225.01,80.41,1,8,3,33,262.72,192.57,168.91,208.06666666666663,202.585
2024-08-25,Product_A,Beverages,185.77,57.38,0,8,3,34,225.01,262.72,192.57,226.76666666666665,209.49666666666667
2024-09-01,Product_A,Beverages,185.96,26.44,0,9,3,35,185.77,225.01,262.72,224.49999999999997,207.33166666666668
2024-09-08,Product_A,Beverages,196.7,60.5,0,9,3,36,185.96,185.77,225.01,198.9133333333333,203.49
2024-09-15,Product_A,Beverages,161.34,84.42,0,9,3,37,196.7,185.96,185.77,189.4766666666666,208.12166666666667
2024-09-22,Product_A,Beverages,184.59,23.49,0,9,3,38,161.34,196.7,185.96,181.3333333333333,202.91666666666666
2024-09-29,Product_A,Beverages,193.85,44.93,0,9,3,39,184.59,161.34,196.7,180.87666666666664,189.89499999999998
2024-10-06,Product_A,Beverages,219.65,40.14,1,10,4,40,193.85,184.59,161.34,179.92666666666662,184.70166666666668
2024-10-13,Product_A,Beverages,149.77,83.99,0,10,4,41,219.65,193.85,184.59,199.36333333333332,190.34833333333336
2024-10-20,Product_A,Beverages,179.06,41.02,0,10,4,42,149.77,219.65,193.85,187.75666666666663,184.3166666666667
2024-10-27,Product_A,Beverages,205.23,48.93,0,10,4,43,179.06,149.77,219.65,182.82666666666663,181.37666666666667
2024-11-03,Product_A,Beverages,210.35,28.23,1,11,4,44,205.23,179.06,149.77,178.01999999999998,188.6916666666667
2024-11-10,Product_A,Beverages,193.93,42.18,0,11,4,45,210.35,205.23,179.06,198.21333333333328,192.985
2024-11-17,Product_A,Beverages,185.95,62.42,0,11,4,46,193.93,210.35,205.23,203.16999999999996,192.99833333333333
2024-11-24,Product_A,Beverages,217.47,89.77,1,11,4,47,185.95,193.93,210.35,196.7433333333333,187.38166666666666
2024-12-01,Product_A,Beverages,205.76,59.65,0,12,4,48,217.47,185.95,193.93,199.11666666666665,198.665
2024-12-08,Product_A,Beverages,199.63,82.35,0,12,4,49,205.76,217.47,185.95,203.05999999999995,203.115
2024-12-15,Product_A,Beverages,212.86,29.3,0,12,4,50,199.63,205.76,217.47,207.61999999999998,202.18166666666664
2024-12-22,Product_A,Beverages,208.13,19.93,0,12,4,51,212.86,199.63,205.76,206.0833333333333,202.6
2024-12-29,Product_A,Beverages,171.44,49.0,0,12,4,52,208.13,212.86,199.63,206.8733333333333,204.96666666666667
2025-01-05,Product_A,Beverages,236.92,56.97,0,1,1,1,171.44,208.13,212.86,197.4766666666666,202.54833333333332
2025-01-12,Product_A,Beverages,259.09,28.64,1,1,1,2,236.92,171.44,208.13,205.49666666666664,205.79
2025-01-19,Product_A,Beverages,213.74,45.66,0,1,1,3,259.09,236.92,171.44,222.48333333333326,214.6783333333333
2025-01-26,Product_A,Beverages,292.54,26.71,1,1,1,4,213.74,259.09,236.92,236.58333333333326,217.03
2025-02-02,Product_A,Beverages,307.07,31.65,1,2,1,5,292.54,213.74,259.09,255.1233333333333,230.30999999999997
2025-02-09,Product_A,Beverages,223.57,65.39,0,2,1,6,307.07,292.54,213.74,271.1166666666666,246.80000000000004
2025-02-16,Product_A,Beverages,245.98,32.86,0,2,1,7,223.57,307.07,292.54,274.39333333333326,255.48833333333334
2025-02-23,Product_A,Beverages,299.06,33.24,1,2,1,8,245.98,223.57,307.07,258.8733333333333,256.99833333333333
2025-03-02,Product_A,Beverages,246.54,44.79,0,3,1,9,299.06,245.98,223.57,256.20333333333326,263.66
2025-03-09,Product_A,Beverages,252.31,30.37,0,3,1,10,246.54,299.06,245.98,263.8599999999999,269.12666666666667
2025-03-16,Product_A,Beverages,291.99,21.41,1,3,1,11,252.31,246.54,299.06,265.96999999999997,262.4216666666667
2025-03-23,Product_A,Beverages,252.08,16.99,0,3,1,12,291.99,252.31,246.54,263.6133333333333,259.90833333333336
2025-03-30,Product_A,Beverages,213.84,81.95,0,3,1,13,252.08,291.99,252.31,265.46,264.66
2025-04-06,Product_A,Beverages,227.88,40.64,0,4,2,14,213.84,252.08,291.99,252.63666666666663,259.30333333333334
2025-04-13,Product_A,Beverages,219.49,35.1,0,4,2,15,227.88,213.84,252.08,231.26666666666657,247.44000000000003
2025-04-20,Product_A,Beverages,207.49,45.71,0,4,2,16,219.49,227.88,213.84,220.40333333333328,242.9316666666667
2025-04-27,Product_A,Beverages,250.36,86.13,0,4,2,17,207.49,219.49,227.88,218.2866666666666,235.4616666666667
2025-05-04,Product_A,Beverages,230.34,25.51,0,5,2,18,250.36,207.49,219.49,225.77999999999994,228.52333333333334
2025-05-11,Product_A,Beverages,234.02,74.99,0,5,2,19,230.34,250.36,207.49,229.39666666666662,224.9
2025-05-18,Product_A,Beverages,237.54,16.69,0,5,2,20,234.02,230.34,250.36,238.23999999999992,228.26333333333335
2025-05-25,Product_A,Beverages,204.95,34.34,0,5,2,21,237.54,234.02,230.34,233.96666666666658,229.87333333333333
2025-06-01,Product_A,Beverages,253.41,77.62,1,6,2,22,204.95,237.54,234.02,225.50333333333325,227.45000000000002
2025-06-08,Product_A,Beverages,268.65,35.42,1,6,2,23,253.41,204.95,237.54,231.96666666666658,235.10333333333332
2025-06-15,Product_A,Beverages,254.57,83.57,1,6,2,24,268.65,253.41,204.95,242.3366666666666,238.15166666666667
2025-06-22,Product_A,Beverages,194.96,56.56,0,6,2,25,254.57,268.65,253.41,258.87666666666655,242.18999999999997
2025-06-29,Product_A,Beverages,207.16,77.23,0,6,2,26,194.96,254.57,268.65,239.39333333333323,235.67999999999998
2025-07-06,Product_A,Beverages,205.5,64.88,0,7,3,27,207.16,194.96,254.57,218.89666666666662,230.61666666666665
2025-07-13,Product_A,Beverages,211.37,83.58,1,7,3,28,205.5,207.16,194.96,202.53999999999994,230.70833333333334
2025-07-20,Product_A,Beverages,185.58,18.52,0,7,3,29,211.37,205.5,207.16,208.0099999999999,223.70166666666668
2025-07-27,Product_A,Beverages,243.23,70.35,1,7,3,30,185.58,211.37,205.5,200.8166666666666,209.85666666666665
2025-08-03,Product_A,Beverages,175.67,44.2,0,8,3,31,243.23,185.58,211.37,213.3933333333333,207.96666666666667
2025-08-10,Product_A,Beverages,173.3,41.68,0,8,3,32,175.67,243.23,185.58,201.49333333333325,204.75166666666667
2025-08-17,Product_A,Beverages,199.54,50.7,0,8,3,33,173.3,175.67,243.23,197.3999999999999,199.10833333333335
2025-08-24,Product_A,Beverages,164.21,85.26,0,8,3,34,199.54,173.3,175.67,182.8366666666666,198.115
2025-08-31,Product_A,Beverages,248.76,34.67,1,8,3,35,164.21,199.54,173.3,179.01666666666662,190.255
2025-09-07,Product_A,Beverages,224.81,18.86,0,9,3,36,248.76,164.21,199.54,204.16999999999993,200.785
2025-09-14,Product_A,Beverages,174.21,72.82,0,9,3,37,224.81,248.76,164.21,212.59333333333325,197.715
2025-09-21,Product_A,Beverages,238.19,20.64,1,9,3,38,174.21,224.81,248.76,215.9266666666666,197.47166666666666
2025-09-28,Product_A,Beverages,206.81,47.61,0,9,3,39,238.19,174.21,224.81,212.40333333333328,208.28666666666666
2025-10-05,Product_A,Beverages,187.77,76.43,0,10,4,40,206.81,238.19,174.21,206.40333333333328,209.49833333333333
2025-10-12,Product_A,Beverages,196.9,59.27,0,10,4,41,187.77,206.81,238.19,210.92333333333326,213.42499999999998
2025-10-19,Product_A,Beverages,191.67,21.87,0,10,4,42,196.9,187.77,206.81,197.15999999999994,204.78166666666667
2025-10-26,Product_A,Beverages,193.04,55.64,0,10,4,43,191.67,196.9,187.77,192.11333333333326,199.25833333333333
2025-11-02,Product_A,Beverages,199.68,69.92,0,11,4,44,193.04,191.67,196.9,193.86999999999992,202.39666666666665
2025-11-09,Product_A,Beverages,204.86,78.69,0,11,4,45,199.68,193.04,191.67,194.7966666666666,195.97833333333332
2025-11-16,Product_A,Beverages,202.57,51.71,0,11,4,46,204.86,199.68,193.04,199.19333333333327,195.65333333333334
2025-11-23,Product_A,Beverages,198.07,57.6,0,11,4,47,202.57,204.86,199.68,202.36999999999992,198.12
2025-11-30,Product_A,Beverages,190.12,17.55,0,11,4,48,198.07,202.57,204.86,201.83333333333326,198.31499999999997
2025-12-07,Product_A,Beverages,217.51,87.83,0,12,4,49,190.12,198.07,202.57,196.91999999999993,198.0566666666667
2025-12-14,Product_A,Beverages,212.55,50.57,0,12,4,50,217.51,190.12,198.07,201.89999999999995,202.135
2025-12-21,Product_A,Beverages,206.0,77.17,0,12,4,51,212.55,217.51,190.12,206.7266666666666,204.28
2025-12-28,Product_A,Beverages,253.95,59.72,1,12,4,52,206.0,212.55,217.51,212.0199999999999,204.47
2026-01-04,Product_A,Beverages,268.91,67.22,1,1,1,1,253.95,206.0,212.55,224.1666666666666,213.03333333333333
2026-01-11,Product_A,Beverages,220.16,69.36,0,1,1,2,268.91,253.95,206.0,242.95333333333326,224.84000000000003
2026-01-18,Product_A,Beverages,215.47,74.3,0,1,1,3,220.16,268.91,253.95,247.67333333333326,229.84666666666666
2026-01-25,Product_A,Beverages,228.53,61.94,0,1,1,4,215.47,220.16,268.91,234.84666666666658,229.50666666666666
2026-02-01,Product_A,Beverages,259.59,16.83,0,2,1,5,228.53,215.47,220.16,221.38666666666657,232.17
2026-02-08,Product_A,Beverages,248.42,16.6,0,2,1,6,259.59,228.53,215.47,234.52999999999994,241.1016666666667
2026-02-15,Product_A,Beverages,247.69,74.91,0,2,1,7,248.42,259.59,228.53,245.51333333333324,240.17999999999998
2026-02-22,Product_A,Beverages,234.01,41.3,0,2,1,8,247.69,248.42,259.59,251.89999999999995,236.64333333333332
2026-03-01,Product_A,Beverages,259.9,62.06,0,3,1,9,234.01,247.69,248.42,243.37333333333325,238.95166666666668
2026-03-08,Product_A,Beverages,227.32,88.81,0,3,1,10,259.9,234.01,247.69,247.19999999999993,246.35666666666665
2026-03-15,Product_A,Beverages,258.61,70.32,0,3,1,11,227.32,259.9,234.01,240.40999999999994,246.155
2026-03-22,Product_A,Beverages,231.28,23.29,0,3,1,12,258.61,227.32,259.9,248.6099999999999,245.99166666666667
2026-03-29,Product_A,Beverages,235.01,32.52,0,3,1,13,231.28,258.61,227.32,239.06999999999994,243.135
2026-04-05,Product_A,Beverages,297.49,16.34,1,4,2,14,235.01,231.28,258.61,241.63333333333324,241.02166666666665
2026-04-12,Product_A,Beverages,238.93,65.97,0,4,2,15,297.49,235.01,231.28,254.59333333333325,251.6016666666667
2026-04-19,Product_A,Beverages,244.44,86.25,0,4,2,16,238.93,297.49,235.01,257.14333333333326,248.10666666666665
2026-04-26,Product_A,Beverages,236.79,50.06,0,4,2,17,244.44,238.93,297.49,260.2866666666666,250.96
2026-05-03,Product_A,Beverages,236.85,27.53,0,5,2,18,236.79,244.44,238.93,240.05333333333326,247.32333333333335
2026-05-10,Product_A,Beverages,235.01,53.45,0,5,2,19,236.85,236.79,244.44,239.3599999999999,248.2516666666667
2026-05-17,Product_A,Beverages,225.78,28.24,0,5,2,20,235.01,236.85,236.79,236.21666666666658,248.2516666666667
