sales_data.csv
date,product,category,demand,price,promotion_flag,month,quarter,week_of_year,lag_1,lag_2,lag_3,rolling_mean_3,rolling_mean_6
2026-05-24,Product_A,Beverages,223.55,41.26,0,5,2,21,225.78,235.01,236.85,232.5466666666666,236.29999999999998
2026-05-31,Product_A,Beverages,289.69,87.68,1,5,2,22,223.55,225.78,235.01,228.11333333333326,233.73666666666668
2026-06-07,Product_A,Beverages,212.17,26.54,0,6,2,23,289.69,223.55,225.78,246.33999999999992,241.27833333333334
2026-06-14,Product_A,Beverages,221.76,31.83,0,6,2,24,212.17,289.69,223.55,241.80333333333326,237.17499999999998
2026-06-21,Product_A,Beverages,191.11,58.51,0,6,2,25,221.76,212.17,289.69,241.20666666666656,234.65999999999997
2026-06-28,Product_A,Beverages,248.26,80.81,1,6,2,26,191.11,221.76,212.17,208.34666666666658,227.34333333333333
2026-07-05,Product_A,Beverages,185.02,86.67,0,7,3,27,248.26,191.11,221.76,220.37666666666658,231.09
2026-07-12,Product_A,Beverages,202.49,75.71,0,7,3,28,185.02,248.26,191.11,208.12999999999997,224.66833333333332
2026-07-19,Product_A,Beverages,279.02,45.63,1,7,3,29,202.49,185.02,248.26,211.92333333333326,210.13500000000002
2026-07-26,Product_A,Beverages,203.28,34.48,0,7,3,30,279.02,202.49,185.02,222.1766666666666,221.27666666666667
2026-08-02,Product_A,Beverages,268.71,31.51,1,8,3,31,203.28,279.02,202.49,228.26333333333324,218.1966666666667
2026-08-09,Product_A,Beverages,196.13,20.71,0,8,3,32,268.71,203.28,279.02,250.3366666666666,231.12999999999997
2026-08-16,Product_A,Beverages,203.4,59.43,0,8,3,33,196.13,268.71,203.28,222.7066666666666,222.44166666666663
2026-08-23,Product_A,Beverages,200.97,41.09,0,8,3,34,203.4,196.13,268.71,222.74666666666658,225.505
2026-08-30,Product_A,Beverages,207.41,80.9,0,8,3,35,200.97,203.4,196.13,200.1666666666666,225.25166666666664
2026-09-06,Product_A,Beverages,193.23,64.38,0,9,3,36,207.41,200.97,203.4,203.9266666666666,213.31666666666663
2026-09-13,Product_A,Beverages,188.52,66.01,0,9,3,37,193.23,207.41,200.97,200.5366666666666,211.64166666666665
2026-09-20,Product_A,Beverages,177.8,71.45,0,9,3,38,188.52,193.23,207.41,196.38666666666657,198.27666666666667
2026-09-27,Product_A,Beverages,182.44,70.76,0,9,3,39,177.8,188.52,193.23,186.51666666666662,195.22166666666666
2026-10-04,Product_A,Beverages,233.49,76.35,1,10,4,40,182.44,177.8,188.52,182.91999999999993,191.72833333333335
2026-10-11,Product_A,Beverages,261.03,36.53,1,10,4,41,233.49,182.44,177.8,197.90999999999994,197.14833333333334
2026-10-18,Product_A,Beverages,161.15,88.59,0,10,4,42,261.03,233.49,182.44,225.65333333333322,206.085
2026-10-25,Product_A,Beverages,198.99,55.5,0,10,4,43,161.15,261.03,233.49,218.5566666666666,200.73833333333334
2026-11-01,Product_A,Beverages,211.22,23.02,0,11,4,44,198.99,161.15,261.03,207.0566666666666,202.48333333333335
2026-11-08,Product_A,Beverages,225.48,40.64,0,11,4,45,211.22,198.99,161.15,190.45333333333326,208.05333333333337
2026-11-15,Product_A,Beverages,186.16,84.9,0,11,4,46,225.48,211.22,198.99,211.89666666666662,215.22666666666666
2026-11-22,Product_A,Beverages,199.41,68.11,0,11,4,47,186.16,225.48,211.22,207.61999999999992,207.33833333333334
2026-11-29,Product_A,Beverages,265.87,58.66,1,11,4,48,199.41,186.16,225.48,203.68333333333325,197.06833333333336
2026-12-06,Product_A,Beverages,237.46,80.37,1,12,4,49,265.87,199.41,186.16,217.14666666666656,214.52166666666668
2026-12-13,Product_A,Beverages,199.22,87.67,0,12,4,50,237.46,265.87,199.41,234.24666666666658,220.9333333333333
2026-12-20,Product_A,Beverages,230.11,16.84,0,12,4,51,199.22,237.46,265.87,234.18333333333325,218.9333333333333
2026-12-27,Product_A,Beverages,291.22,39.27,1,12,4,52,230.11,199.22,237.46,222.26333333333324,219.705
2027-01-03,Product_A,Beverages,231.17,48.44,0,1,1,53,291.22,230.11,199.22,240.18333333333325,237.21500000000003
2027-01-10,Product_A,Beverages,201.56,89.78,0,1,1,1,231.17,291.22,230.11,250.83333333333326,242.50833333333333
2027-01-17,Product_A,Beverages,244.92,74.61,1,1,1,2,201.56,231.17,291.22,241.3166666666666,231.79
2027-01-24,Product_A,Beverages,239.96,31.56,0,1,1,3,244.92,201.56,231.17,225.88333333333324,233.03333333333333
2027-01-31,Product_A,Beverages,227.75,35.49,0,1,1,4,239.96,244.92,201.56,228.81333333333328,239.82333333333335
2027-02-07,Product_A,Beverages,258.1,26.33,0,2,1,5,227.75,239.96,244.92,237.54333333333327,239.42999999999998
2027-02-14,Product_A,Beverages,238.55,62.89,0,2,1,6,258.1,227.75,239.96,241.9366666666666,233.91
2027-02-21,Product_A,Beverages,246.21,35.57,0,2,1,7,238.55,258.1,227.75,241.4666666666666,235.14000000000001
2027-02-28,Product_A,Beverages,251.17,32.25,0,2,1,8,246.21,238.55,258.1,247.61999999999992,242.58166666666668
2027-03-07,Product_A,Beverages,238.06,17.34,0,3,1,9,251.17,246.21,238.55,245.30999999999995,243.62333333333333
2027-03-14,Product_A,Beverages,267.59,50.49,0,3,1,10,238.06,251.17,246.21,245.14666666666662,243.3066666666667
2027-03-21,Product_A,Beverages,257.65,28.91,0,3,1,11,267.59,238.06,251.17,252.27333333333323,249.9466666666667
2027-03-28,Product_A,Beverages,246.96,78.36,0,3,1,12,257.65,267.59,238.06,254.43333333333325,249.87166666666664
2027-04-04,Product_A,Beverages,243.48,61.97,0,4,2,13,246.96,257.65,267.59,257.3999999999999,251.2733333333333
2027-04-11,Product_A,Beverages,253.45,51.11,0,4,2,14,243.48,246.96,257.65,249.36333333333323,250.8183333333333
2027-04-18,Product_A,Beverages,290.81,24.39,1,4,2,15,253.45,243.48,246.96,247.96333333333325,251.19833333333335
2027-04-25,Product_A,Beverages,268.71,51.87,0,4,2,16,290.81,253.45,243.48,262.5799999999999,259.99
2027-05-02,Product_A,Beverages,292.67,58.65,1,5,2,17,268.71,290.81,253.45,270.9899999999999,260.1766666666667
2027-05-09,Product_A,Beverages,224.22,49.14,0,5,2,18,292.67,268.71,290.81,284.0633333333333,266.0133333333333
2027-05-16,Product_A,Beverages,284.28,20.43,1,5,2,19,224.22,292.67,268.71,261.8666666666666,262.2233333333333
2027-05-23,Product_A,Beverages,202.65,36.87,0,5,2,20,284.28,224.22,292.67,267.05666666666656,269.0233333333333
2027-05-30,Product_A,Beverages,212.46,79.51,0,5,2,21,202.65,284.28,224.22,237.04999999999993,260.5566666666667
2027-06-06,Product_A,Beverages,208.04,89.0,0,6,2,22,212.46,202.65,284.28,233.12999999999988,247.49833333333333
2027-06-13,Product_A,Beverages,288.98,52.42,1,6,2,23,208.04,212.46,202.65,207.71666666666658,237.38666666666666
2027-06-20,Product_A,Beverages,239.47,15.73,0,6,2,24,288.98,208.04,212.46,236.49333333333325,236.77166666666668
2027-06-27,Product_A,Beverages,214.28,53.83,0,6,2,25,239.47,288.98,208.04,245.49666666666658,239.31333333333336
2027-07-04,Product_A,Beverages,251.51,20.89,1,7,3,26,214.28,239.47,288.98,247.5766666666666,227.64666666666665
2027-07-11,Product_A,Beverages,235.29,24.95,0,7,3,27,251.51,214.28,239.47,235.0866666666666,235.79
2027-07-18,Product_A,Beverages,217.91,30.01,0,7,3,28,235.29,251.51,214.28,233.69333333333324,239.595
2027-07-25,Product_A,Beverages,280.4,22.84,1,7,3,29,217.91,235.29,251.51,234.90333333333328,241.24
2027-08-01,Product_A,Beverages,247.26,85.22,1,8,3,30,280.4,217.91,235.29,244.53333333333322,239.80999999999997
2027-08-08,Product_A,Beverages,251.57,55.6,1,8,3,31,247.26,280.4,217.91,248.52333333333323,241.10833333333332
2027-08-15,Product_A,Beverages,192.51,75.13,0,8,3,32,251.57,247.26,280.4,259.7433333333332,247.32333333333335
2027-08-22,Product_A,Beverages,205.28,76.11,0,8,3,33,192.51,251.57,247.26,230.44666666666657,237.49
2027-08-29,Product_A,Beverages,192.89,63.27,0,8,3,34,205.28,192.51,251.57,216.45333333333326,232.48833333333334
2027-09-05,Product_A,Beverages,175.41,69.87,0,9,3,35,192.89,205.28,192.51,196.89333333333323,228.3183333333333
2027-09-12,Product_A,Beverages,187.45,31.44,0,9,3,36,175.41,192.89,205.28,191.19333333333324,210.82000000000002
2027-09-19,Product_A,Beverages,199.41,40.27,0,9,3,37,187.45,175.41,192.89,185.24999999999991,200.8516666666667
2027-09-26,Product_A,Beverages,181.12,52.36,0,9,3,38,199.41,187.45,175.41,187.42333333333326,192.15833333333333
2027-10-03,Product_A,Beverages,189.64,68.94,0,10,4,39,181.12,199.41,187.45,189.3266666666666,190.26
2027-10-10,Product_A,Beverages,191.59,66.02,0,10,4,40,189.64,181.12,199.41,190.0566666666666,187.65333333333334
2027-10-17,Product_A,Beverages,248.57,17.3,1,10,4,41,191.59,189.64,181.12,187.44999999999993,187.43666666666664
2027-10-24,Product_A,Beverages,165.83,69.54,0,10,4,42,248.57,191.59,189.64,209.93333333333325,199.63
2027-10-31,Product_A,Beverages,177.77,46.91,0,10,4,43,165.83,248.57,191.59,201.99666666666658,196.02666666666667
2027-11-07,Product_A,Beverages,192.72,18.01,0,11,4,44,177.77,165.83,248.57,197.38999999999996,192.42
2027-11-14,Product_A,Beverages,226.77,58.4,0,11,4,45,192.72,177.77,165.83,178.77333333333328,194.35333333333335
2027-11-21,Product_A,Beverages,191.33,80.51,0,11,4,46,226.77,192.72,177.77,199.0866666666666,200.54166666666666
2027-11-28,Product_A,Beverages,215.44,46.63,0,11,4,47,191.33,226.77,192.72,203.6066666666666,200.49833333333333
2027-12-05,Product_A,Beverages,203.27,30.8,0,12,4,48,215.44,191.33,226.77,211.17999999999992,194.9766666666667
2027-12-12,Product_A,Beverages,208.77,62.37,0,12,4,49,203.27,215.44,191.33,203.34666666666658,201.2166666666667
2027-12-19,Product_A,Beverages,217.95,83.18,0,12,4,50,208.77,203.27,215.44,209.15999999999994,206.38333333333335
2027-12-26,Product_A,Beverages,274.72,32.82,1,12,4,51,217.95,208.77,203.27,209.99666666666658,210.58833333333334
2028-01-02,Product_A,Beverages,244.7,80.31,0,1,1,52,274.72,217.95,208.77,233.81333333333328,218.58
2028-01-09,Product_A,Beverages,251.12,53.61,0,1,1,1,244.7,274.72,217.95,245.78999999999994,227.475
2028-01-16,Product_A,Beverages,263.08,44.33,1,1,1,2,251.12,244.7,274.72,256.8466666666666,233.4216666666667
2028-01-23,Product_A,Beverages,221.88,34.36,0,1,1,3,263.08,251.12,244.7,252.96666666666655,243.39000000000001
2028-01-30,Product_A,Beverages,258.73,24.82,0,1,1,4,221.88,263.08,251.12,245.3599999999999,245.57499999999996
2028-02-06,Product_A,Beverages,248.56,49.03,0,2,1,5,258.73,221.88,263.08,247.89666666666656,252.37166666666667
2028-02-13,Product_A,Beverages,222.57,77.17,0,2,1,6,248.56,258.73,221.88,243.0566666666666,248.01166666666666
2028-02-20,Product_A,Beverages,272.5,33.65,0,2,1,7,222.57,248.56,258.73,243.28666666666655,244.32333333333335
2028-02-27,Product_A,Beverages,314.99,27.57,1,2,1,8,272.5,222.57,248.56,247.87666666666655,247.88666666666666
2028-03-05,Product_A,Beverages,292.02,70.23,1,3,1,9,314.99,272.5,222.57,270.0199999999999,256.53833333333336
2028-03-12,Product_A,Beverages,274.38,75.43,0,3,1,10,292.02,314.99,272.5,293.1699999999999,268.2283333333333
2028-03-19,Product_A,Beverages,240.58,80.12,0,3,1,11,274.38,292.02,314.99,293.79666666666657,270.83666666666664
2028-03-26,Product_A,Beverages,256.75,19.28,0,3,1,12,240.58,274.38,292.02,268.9933333333332,269.50666666666666
2028-04-02,Product_A,Beverages,249.33,85.25,0,4,2,13,256.75,240.58,274.38,257.2366666666666,275.2033333333333
2028-04-09,Product_A,Beverages,246.07,53.04,0,4,2,14,249.33,256.75,240.58,248.88666666666657,271.34166666666664
2028-04-16,Product_A,Beverages,316.84,26.13,1,4,2,15,246.07,249.33,256.75,250.71666666666658,259.855
2028-04-23,Product_A,Beverages,252.05,53.67,0,4,2,16,316.84,246.07,249.33,270.74666666666656,263.9916666666667
2028-04-30,Product_A,Beverages,259.96,65.01,0,4,2,17,252.05,316.84,246.07,271.6533333333332,260.27000000000004
2028-05-07,Product_A,Beverages,218.86,65.51,0,5,2,18,259.96,252.05,316.84,276.28333333333325,263.5
2028-05-14,Product_A,Beverages,235.64,22.04,0,5,2,19,218.86,259.96,252.05,243.62333333333322,257.185
2028-05-21,Product_A,Beverages,269.68,28.29,0,5,2,20,235.64,218.86,259.96,238.1533333333332,254.90333333333334
2028-05-28,Product_A,Beverages,232.68,77.86,0,5,2,21,269.68,235.64,218.86,241.3933333333332,258.8383333333333
2028-06-04,Product_A,Beverages,224.89,61.34,0,6,2,22,232.68,269.68,235.64,245.9999999999999,244.81166666666664
2028-06-11,Product_A,Beverages,236.23,57.8,0,6,2,23,224.89,232.68,269.68,242.41666666666654,240.285
2028-06-18,Product_A,Beverages,235.79,64.42,0,6,2,24,236.23,224.89,232.68,231.26666666666654,236.33
2028-06-25,Product_A,Beverages,223.64,63.84,0,6,2,25,235.79,236.23,224.89,232.3033333333332,239.15166666666664
2028-07-02,Product_A,Beverages,205.23,18.62,0,7,3,26,223.64,235.79,236.23,231.88666666666654,237.15166666666664
2028-07-09,Product_A,Beverages,213.64,45.52,0,7,3,27,205.23,223.64,235.79,221.5533333333332,226.40999999999997
2028-07-16,Product_A,Beverages,208.91,70.38,0,7,3,28,213.64,205.23,223.64,214.16999999999987,223.23666666666665
2028-07-23,Product_A,Beverages,226.01,45.31,0,7,3,29,208.91,213.64,205.23,209.25999999999988,220.57333333333335
2028-07-30,Product_A,Beverages,185.53,72.17,0,7,3,30,226.01,208.91,213.64,216.18666666666653,218.86999999999998
2028-08-06,Product_A,Beverages,195.84,47.67,0,8,3,31,185.53,226.01,208.91,206.81666666666652,210.49333333333334
2028-08-13,Product_A,Beverages,207.84,15.43,0,8,3,32,195.84,185.53,226.01,202.4599999999999,205.86
2028-08-20,Product_A,Beverages,221.72,42.48,0,8,3,33,207.84,195.84,185.53,196.40333333333322,206.295
2028-08-27,Product_A,Beverages,186.08,48.65,0,8,3,34,221.72,207.84,195.84,208.46666666666655,207.64166666666665
2028-09-03,Product_A,Beverages,218.4,42.99,0,9,3,35,186.08,221.72,207.84,205.21333333333322,203.8366666666667
2028-09-10,Product_A,Beverages,207.94,49.76,0,9,3,36,218.4,186.08,221.72,208.7333333333332,202.56833333333336
2028-09-17,Product_A,Beverages,151.39,79.75,0,9,3,37,207.94,218.4,186.08,204.13999999999987,206.30333333333337
2028-09-24,Product_A,Beverages,278.33,40.59,1,9,3,38,151.39,207.94,218.4,192.5766666666665,198.89499999999998
2028-10-01,Product_A,Beverages,213.59,44.91,0,10,4,39,278.33,151.39,207.94,212.5533333333332,210.64333333333332
2028-10-08,Product_A,Beverages,226.64,72.37,0,10,4,40,213.59,278.33,151.39,214.43666666666653,209.28833333333333
2028-10-15,Product_A,Beverages,204.07,68.86,0,10,4,41,226.64,213.59,278.33,239.51999999999987,216.04833333333332
2028-10-22,Product_A,Beverages,193.54,84.53,0,10,4,42,204.07,226.64,213.59,214.76666666666654,213.65999999999997
2028-10-29,Product_A,Beverages,228.99,85.08,1,10,4,43,193.54,204.07,226.64,208.08333333333317,211.26
2028-11-05,Product_A,Beverages,209.39,34.26,0,11,4,44,228.99,193.54,204.07,208.86666666666656,224.1933333333333
2028-11-12,Product_A,Beverages,214.97,38.05,0,11,4,45,209.39,228.99,193.54,210.63999999999987,212.70333333333335
2028-11-19,Product_A,Beverages,226.33,60.78,0,11,4,46,214.97,209.39,228.99,217.78333333333322,212.9333333333333
2028-11-26,Product_A,Beverages,199.5,35.45,0,11,4,47,226.33,214.97,209.39,216.89666666666653,212.88166666666666
2028-12-03,Product_A,Beverages,217.54,66.08,0,12,4,48,199.5,226.33,214.97,213.5999999999999,212.12
2028-12-10,Product_A,Beverages,215.26,54.39,0,12,4,49,217.54,199.5,226.33,214.45666666666656,216.11999999999998
2028-12-17,Product_A,Beverages,233.28,34.24,0,12,4,50,215.26,217.54,199.5,210.76666666666654,213.83166666666668
2028-12-24,Product_A,Beverages,227.76,51.27,0,12,4,51,233.28,215.26,217.54,222.02666666666656,217.81333333333336
2028-12-31,Product_A,Beverages,291.0,62.49,1,12,4,52,227.76,233.28,215.26,225.43333333333325,219.94500000000002
2029-01-07,Product_A,Beverages,238.25,60.12,0,1,1,1,291.0,227.76,233.28,250.67999999999992,230.72333333333336
2029-01-14,Product_A,Beverages,245.52,30.9,0,1,1,2,238.25,291.0,227.76,252.3366666666666,237.1816666666667
2029-01-21,Product_A,Beverages,223.89,45.83,0,1,1,3,245.52,238.25,291.0,258.2566666666666,241.84500000000003
2029-01-28,Product_A,Beverages,234.24,35.61,0,1,1,4,223.89,245.52,238.25,235.88666666666654,243.28333333333333
2029-02-04,Product_A,Beverages,242.78,46.78,0,2,1,5,234.24,223.89,245.52,234.54999999999987,243.44333333333336
2029-02-11,Product_A,Beverages,255.67,48.88,0,2,1,6,242.78,234.24,223.89,233.63666666666654,245.9466666666667
2029-02-18,Product_A,Beverages,266.03,27.6,0,2,1,7,255.67,242.78,234.24,244.2299999999999,240.0583333333333
2029-02-25,Product_A,Beverages,264.39,22.18,0,2,1,8,266.03,255.67,242.78,254.82666666666657,244.6883333333333
2029-03-04,Product_A,Beverages,315.95,63.15,1,3,1,9,264.39,266.03,255.67,262.02999999999986,247.83333333333334
2029-03-11,Product_A,Beverages,288.19,44.32,0,3,1,10,315.95,264.39,266.03,282.1233333333332,263.1766666666667
2029-03-18,Product_A,Beverages,244.08,52.26,0,3,1,11,288.19,315.95,264.39,289.5099999999999,272.16833333333335
2029-03-25,Product_A,Beverages,274.22,68.82,0,3,1,12,244.08,288.19,315.95,282.7399999999999,272.385
2029-04-01,Product_A,Beverages,250.17,89.34,0,4,2,13,274.22,244.08,288.19,268.8299999999999,275.4766666666667
2029-04-08,Product_A,Beverages,282.18,20.96,0,4,2,14,250.17,274.22,244.08,256.1566666666666,272.8333333333333
2029-04-15,Product_A,Beverages,286.04,82.06,1,4,2,15,282.18,250.17,274.22,268.85666666666657,275.79833333333335
2029-04-22,Product_A,Beverages,240.17,41.62,0,4,2,16,286.04,282.18,250.17,272.79666666666657,270.81333333333333
2029-04-29,Product_A,Beverages,304.65,53.93,1,4,2,17,240.17,286.04,282.18,269.46333333333325,262.81
2029-05-06,Product_A,Beverages,216.22,63.82,0,5,2,18,304.65,240.17,286.04,276.9533333333332,272.90500000000003
2029-05-13,Product_A,Beverages,261.39,39.33,0,5,2,19,216.22,304.65,240.17,253.67999999999992,263.2383333333333
2029-05-20,Product_A,Beverages,221.03,64.64,0,5,2,20,261.39,216.22,304.65,260.7533333333332,265.10833333333335
2029-05-27,Product_A,Beverages,226.88,69.8,0,5,2,21,221.03,261.39,216.22,232.87999999999988,254.91666666666666
2029-06-03,Product_A,Beverages,216.79,86.82,0,6,2,22,226.88,221.03,261.39,236.4333333333332,245.0566666666667
2029-06-10,Product_A,Beverages,275.04,66.75,1,6,2,23,216.79,226.88,221.03,221.56666666666652,241.16
2029-06-17,Product_A,Beverages,257.45,48.78,1,6,2,24,275.04,216.79,226.88,239.5699999999999,236.225
2029-06-24,Product_A,Beverages,244.53,41.07,0,6,2,25,257.45,275.04,216.79,249.7599999999999,243.0966666666667
2029-07-01,Product_A,Beverages,224.98,32.6,0,7,3,26,244.53,257.45,275.04,259.0066666666666,240.28666666666666
2029-07-08,Product_A,Beverages,235.06,26.43,0,7,3,27,224.98,244.53,257.45,242.31999999999985,240.94500000000002
2029-07-15,Product_A,Beverages,211.3,61.77,0,7,3,28,235.06,224.98,244.53,234.85666666666657,242.3083333333333
2029-07-22,Product_A,Beverages,258.8,71.65,1,7,3,29,211.3,235.06,224.98,223.7799999999999,241.39333333333332
2029-07-29,Product_A,Beverages,205.75,68.16,0,7,3,30,258.8,211.3,235.06,235.0533333333332,238.68666666666664
