sales_data.csv
date,product,category,demand,price,promotion_flag,month,quarter,week_of_year,lag_1,lag_2,lag_3,rolling_mean_3,rolling_mean_6
2023-04-30,Product_B,Snacks,382.7,33.14,1,4,2,17,296.8,306.13,320.4,307.7766666666667,294.05333333333334
2023-05-07,Product_B,Snacks,346.63,50.16,1,5,2,18,382.7,296.8,306.13,328.5433333333334,311.45166666666665
2023-05-14,Product_B,Snacks,245.09,37.49,0,5,2,19,346.63,382.7,296.8,342.04333333333335,320.87833333333333
2023-05-21,Product_B,Snacks,294.81,18.61,0,5,2,20,245.09,346.63,382.7,324.8066666666668,316.29166666666663
2023-05-28,Product_B,Snacks,305.62,28.9,0,5,2,21,294.81,245.09,346.63,295.51000000000005,312.02666666666664
2023-06-04,Product_B,Snacks,319.73,32.96,1,6,2,22,305.62,294.81,245.09,281.8400000000001,311.94166666666666
2023-06-11,Product_B,Snacks,327.82,77.35,1,6,2,23,319.73,305.62,294.81,306.7200000000001,315.7633333333333
2023-06-18,Product_B,Snacks,275.56,23.62,0,6,2,24,327.82,319.73,305.62,317.7233333333334,306.6166666666667
2023-06-25,Product_B,Snacks,258.78,57.88,0,6,2,25,275.56,327.82,319.73,307.70333333333343,294.7716666666667
2023-07-02,Product_B,Snacks,222.54,47.28,0,7,3,26,258.78,275.56,327.82,287.3866666666667,297.05333333333334
2023-07-09,Product_B,Snacks,198.82,60.14,0,7,3,27,222.54,258.78,275.56,252.29333333333338,285.0083333333334
2023-07-16,Product_B,Snacks,262.12,48.25,0,7,3,28,198.82,222.54,258.78,226.7133333333334,267.2083333333333
2023-07-23,Product_B,Snacks,252.14,67.7,0,7,3,29,262.12,198.82,222.54,227.82666666666674,257.6066666666666
2023-07-30,Product_B,Snacks,228.47,53.43,0,7,3,30,252.14,262.12,198.82,237.6933333333334,244.99333333333334
2023-08-06,Product_B,Snacks,201.75,63.92,0,8,3,31,228.47,252.14,262.12,247.57666666666674,237.145
2023-08-13,Product_B,Snacks,218.31,60.05,0,8,3,32,201.75,228.47,252.14,227.4533333333334,227.64000000000001
2023-08-20,Product_B,Snacks,257.23,20.32,0,8,3,33,218.31,201.75,228.47,216.17666666666673,226.93499999999997
2023-08-27,Product_B,Snacks,211.48,42.14,0,8,3,34,257.23,218.31,201.75,225.7633333333334,236.67
2023-09-03,Product_B,Snacks,280.69,35.76,1,9,3,35,211.48,257.23,218.31,229.00666666666675,228.23000000000002
2023-09-10,Product_B,Snacks,193.29,39.85,0,9,3,36,280.69,211.48,257.23,249.80000000000007,232.98833333333332
2023-09-17,Product_B,Snacks,217.47,36.05,0,9,3,37,193.29,280.69,211.48,228.4866666666667,227.125
2023-09-24,Product_B,Snacks,209.17,53.74,0,9,3,38,217.47,193.29,280.69,230.48333333333338,229.74499999999998
2023-10-01,Product_B,Snacks,205.49,57.9,0,10,4,39,209.17,217.47,193.29,206.6433333333334,228.22166666666666
2023-10-08,Product_B,Snacks,221.15,37.01,0,10,4,40,205.49,209.17,217.47,210.71000000000006,219.59833333333333
2023-10-15,Product_B,Snacks,292.21,61.28,1,10,4,41,221.15,205.49,209.17,211.93666666666672,221.21
2023-10-22,Product_B,Snacks,304.47,40.89,1,10,4,42,292.21,221.15,205.49,239.61666666666676,223.13000000000002
2023-10-29,Product_B,Snacks,216.9,67.67,0,10,4,43,304.47,292.21,221.15,272.61000000000007,241.66
2023-11-05,Product_B,Snacks,228.64,24.86,0,11,4,44,216.9,304.47,292.21,271.19333333333344,241.56500000000003
2023-11-12,Product_B,Snacks,209.38,45.83,0,11,4,45,228.64,216.9,304.47,250.00333333333342,244.81000000000003
2023-11-19,Product_B,Snacks,202.6,68.55,0,11,4,46,209.38,228.64,216.9,218.30666666666673,245.45833333333334
2023-11-26,Product_B,Snacks,241.5,86.63,0,11,4,47,202.6,209.38,228.64,213.54000000000008,242.36666666666665
2023-12-03,Product_B,Snacks,254.09,15.12,0,12,4,48,241.5,202.6,209.38,217.82666666666674,233.91499999999996
2023-12-10,Product_B,Snacks,264.1,19.46,0,12,4,49,254.09,241.5,202.6,232.7300000000001,225.51833333333335
2023-12-17,Product_B,Snacks,245.16,66.49,0,12,4,50,264.1,254.09,241.5,253.2300000000001,233.385
2023-12-24,Product_B,Snacks,240.29,42.68,0,12,4,51,245.16,264.1,254.09,254.45000000000007,236.13833333333332
2023-12-31,Product_B,Snacks,315.24,46.42,1,12,4,52,240.29,245.16,264.1,249.85000000000005,241.29
2024-01-07,Product_B,Snacks,338.91,41.61,1,1,1,1,315.24,240.29,245.16,266.89666666666676,260.06333333333333
2024-01-14,Product_B,Snacks,250.18,65.14,0,1,1,2,338.91,315.24,240.29,298.14666666666676,276.29833333333335
2024-01-21,Product_B,Snacks,306.38,15.76,0,1,1,3,250.18,338.91,315.24,301.44333333333344,275.6466666666667
2024-01-28,Product_B,Snacks,281.51,83.5,0,1,1,4,306.38,250.18,338.91,298.49000000000007,282.6933333333333
2024-02-04,Product_B,Snacks,298.53,24.04,0,2,1,5,281.51,306.38,250.18,279.35666666666674,288.75166666666667
2024-02-11,Product_B,Snacks,274.59,19.98,0,2,1,6,298.53,281.51,306.38,295.47333333333336,298.4583333333333
2024-02-18,Product_B,Snacks,352.41,46.65,1,2,1,7,274.59,298.53,281.51,284.8766666666667,291.68333333333334
2024-02-25,Product_B,Snacks,277.29,51.45,0,2,1,8,352.41,274.59,298.53,308.51000000000005,293.93333333333334
2024-03-03,Product_B,Snacks,354.76,56.9,1,3,1,9,277.29,352.41,274.59,301.43000000000006,298.45166666666665
2024-03-10,Product_B,Snacks,304.48,69.69,0,3,1,10,354.76,277.29,352.41,328.1533333333334,306.51500000000004
2024-03-17,Product_B,Snacks,300.69,47.24,0,3,1,11,304.48,354.76,277.29,312.17666666666673,310.3433333333333
2024-03-24,Product_B,Snacks,313.7,35.65,0,3,1,12,300.69,304.48,354.76,319.97666666666674,310.7033333333333
2024-03-31,Product_B,Snacks,274.72,74.88,0,3,1,13,313.7,300.69,304.48,306.2900000000001,317.2216666666667
2024-04-07,Product_B,Snacks,278.06,79.32,0,4,2,14,274.72,313.7,300.69,296.37000000000006,304.27333333333337
2024-04-14,Product_B,Snacks,299.84,58.66,0,4,2,15,278.06,274.72,313.7,288.82666666666677,304.40166666666664
2024-04-21,Product_B,Snacks,303.45,60.08,0,4,2,16,299.84,278.06,274.72,284.20666666666676,295.2483333333334
2024-04-28,Product_B,Snacks,313.32,27.51,0,4,2,17,303.45,299.84,278.06,293.78333333333336,295.07666666666665
2024-05-05,Product_B,Snacks,275.02,25.69,0,5,2,18,313.32,303.45,299.84,305.53666666666675,297.1816666666667
2024-05-12,Product_B,Snacks,358.83,16.91,1,5,2,19,275.02,313.32,303.45,297.2633333333334,290.73499999999996
2024-05-19,Product_B,Snacks,261.46,62.77,0,5,2,20,358.83,275.02,313.32,315.72333333333336,304.75333333333333
2024-05-26,Product_B,Snacks,273.82,38.34,0,5,2,21,261.46,358.83,275.02,298.4366666666667,301.9866666666667
2024-06-02,Product_B,Snacks,231.69,60.43,0,6,2,22,273.82,261.46,358.83,298.0366666666667,297.65
2024-06-09,Product_B,Snacks,245.85,49.05,0,6,2,23,231.69,273.82,261.46,255.65666666666675,285.69
2024-06-16,Product_B,Snacks,253.88,25.54,0,6,2,24,245.85,231.69,273.82,250.4533333333334,274.445
2024-06-23,Product_B,Snacks,246.56,87.3,0,6,2,25,253.88,245.85,231.69,243.80666666666673,270.9216666666667
2024-06-30,Product_B,Snacks,262.69,17.92,0,6,2,26,246.56,253.88,245.85,248.7633333333334,252.21
2024-07-07,Product_B,Snacks,301.89,16.75,1,7,3,27,262.69,246.56,253.88,254.37666666666675,252.41500000000005
2024-07-14,Product_B,Snacks,247.6,49.39,0,7,3,28,301.89,262.69,246.56,270.38000000000005,257.0933333333333
2024-07-21,Product_B,Snacks,285.87,86.69,1,7,3,29,247.6,301.89,262.69,270.72666666666674,259.74499999999995
2024-07-28,Product_B,Snacks,250.41,81.63,0,7,3,30,285.87,247.6,301.89,278.45333333333343,266.415
2024-08-04,Product_B,Snacks,233.96,36.63,0,8,3,31,250.41,285.87,247.6,261.2933333333334,265.8366666666667
2024-08-11,Product_B,Snacks,198.18,44.21,0,8,3,32,233.96,250.41,285.87,256.7466666666667,263.7366666666667
2024-08-18,Product_B,Snacks,210.45,26.56,0,8,3,33,198.18,233.96,250.41,227.51666666666674,252.98499999999999
2024-08-25,Product_B,Snacks,234.14,55.63,0,8,3,34,210.45,198.18,233.96,214.19666666666674,237.745
2024-09-01,Product_B,Snacks,231.29,37.67,0,9,3,35,234.14,210.45,198.18,214.25666666666675,235.5016666666667
2024-09-08,Product_B,Snacks,221.68,29.6,0,9,3,36,231.29,234.14,210.45,225.2933333333334,226.405
2024-09-15,Product_B,Snacks,201.97,87.48,0,9,3,37,221.68,231.29,234.14,229.03666666666675,221.61666666666665
2024-09-22,Product_B,Snacks,203.14,41.05,0,9,3,38,201.97,221.68,231.29,218.31333333333342,216.28499999999997
2024-09-29,Product_B,Snacks,220.95,61.97,0,9,3,39,203.14,201.97,221.68,208.93000000000006,217.11166666666668
2024-10-06,Product_B,Snacks,245.35,45.13,0,10,4,40,220.95,203.14,201.97,208.68666666666672,218.86166666666668
2024-10-13,Product_B,Snacks,264.19,30.1,0,10,4,41,245.35,220.95,203.14,223.14666666666673,220.73000000000002
2024-10-20,Product_B,Snacks,279.31,17.96,0,10,4,42,264.19,245.35,220.95,243.49666666666675,226.21333333333328
2024-10-27,Product_B,Snacks,189.48,87.3,0,10,4,43,279.31,264.19,245.35,262.9500000000001,235.81833333333336
2024-11-03,Product_B,Snacks,253.12,69.16,0,11,4,44,189.48,279.31,264.19,244.32666666666674,233.73666666666668
2024-11-10,Product_B,Snacks,297.13,74.29,1,11,4,45,253.12,189.48,279.31,240.63666666666677,242.06666666666663
2024-11-17,Product_B,Snacks,306.31,74.57,1,11,4,46,297.13,253.12,189.48,246.57666666666674,254.76333333333332
2024-11-24,Product_B,Snacks,238.64,26.16,0,11,4,47,306.31,297.13,253.12,285.5200000000001,264.92333333333335
2024-12-01,Product_B,Snacks,268.04,88.57,0,12,4,48,238.64,306.31,297.13,280.69333333333344,260.66499999999996
2024-12-08,Product_B,Snacks,258.87,43.15,0,12,4,49,268.04,238.64,306.31,270.9966666666667,258.78666666666663
2024-12-15,Product_B,Snacks,252.66,30.24,0,12,4,50,258.87,268.04,238.64,255.18333333333342,270.35166666666663
2024-12-22,Product_B,Snacks,281.79,51.92,0,12,4,51,252.66,258.87,268.04,259.85666666666674,270.27500000000003
2024-12-29,Product_B,Snacks,249.86,79.92,0,12,4,52,281.79,252.66,258.87,264.4400000000001,267.7183333333333
2025-01-05,Product_B,Snacks,276.54,72.34,0,1,1,1,249.86,281.79,252.66,261.4366666666668,258.31
2025-01-12,Product_B,Snacks,264.58,86.7,0,1,1,2,276.54,249.86,281.79,269.3966666666668,264.6266666666667
2025-01-19,Product_B,Snacks,275.16,47.94,0,1,1,3,264.58,276.54,249.86,263.6600000000001,264.05
2025-01-26,Product_B,Snacks,279.76,81.98,0,1,1,4,275.16,264.58,276.54,272.0933333333334,266.76500000000004
2025-02-02,Product_B,Snacks,231.1,84.48,0,2,1,5,279.76,275.16,264.58,273.16666666666674,271.2816666666667
2025-02-09,Product_B,Snacks,373.24,50.76,1,2,1,6,231.1,279.76,275.16,262.0066666666668,262.8333333333333
2025-02-16,Product_B,Snacks,314.15,25.08,0,2,1,7,373.24,231.1,279.76,294.7000000000001,283.39666666666665
2025-02-23,Product_B,Snacks,282.47,41.9,0,2,1,8,314.15,373.24,231.1,306.1633333333334,289.66499999999996
2025-03-02,Product_B,Snacks,302.41,86.81,0,3,1,9,282.47,314.15,373.24,323.2866666666668,292.6466666666667
2025-03-09,Product_B,Snacks,365.82,89.84,1,3,1,10,302.41,282.47,314.15,299.6766666666668,297.18833333333333
2025-03-16,Product_B,Snacks,314.14,16.07,0,3,1,11,365.82,302.41,282.47,316.9000000000001,311.5316666666667
2025-03-23,Product_B,Snacks,278.64,77.56,0,3,1,12,314.14,365.82,302.41,327.45666666666676,325.37166666666667
2025-03-30,Product_B,Snacks,298.73,72.67,0,3,1,13,278.64,314.14,365.82,319.53333333333336,309.605
2025-04-06,Product_B,Snacks,292.43,72.46,0,4,2,14,298.73,278.64,314.14,297.1700000000001,307.035
2025-04-13,Product_B,Snacks,372.81,51.57,1,4,2,15,292.43,298.73,278.64,289.93333333333345,308.695
2025-04-20,Product_B,Snacks,343.85,45.57,1,4,2,16,372.81,292.43,298.73,321.32333333333344,320.42833333333334
2025-04-27,Product_B,Snacks,296.28,23.32,0,4,2,17,343.85,372.81,292.43,336.36333333333346,316.76666666666665
2025-05-04,Product_B,Snacks,236.33,86.08,0,5,2,18,296.28,343.85,372.81,337.64666666666676,313.79
2025-05-11,Product_B,Snacks,344.17,52.55,1,5,2,19,236.33,296.28,343.85,292.1533333333334,306.7383333333333
2025-05-18,Product_B,Snacks,246.01,68.03,0,5,2,20,344.17,236.33,296.28,292.2600000000001,314.31166666666667
2025-05-25,Product_B,Snacks,268.86,36.08,0,5,2,21,246.01,344.17,236.33,275.50333333333344,306.575
2025-06-01,Product_B,Snacks,265.9,84.69,0,6,2,22,268.86,246.01,344.17,286.34666666666675,289.25
2025-06-08,Product_B,Snacks,256.57,50.73,0,6,2,23,265.9,268.86,246.01,260.2566666666668,276.2583333333333
2025-06-15,Product_B,Snacks,258.01,63.04,0,6,2,24,256.57,265.9,268.86,263.7766666666668,269.64
2025-06-22,Product_B,Snacks,261.76,63.59,0,6,2,25,258.01,256.57,265.9,260.1600000000001,273.25333333333333
2025-06-29,Product_B,Snacks,262.13,81.65,1,6,2,26,261.76,258.01,256.57,258.78000000000014,259.5183333333333
2025-07-06,Product_B,Snacks,241.96,61.86,0,7,3,27,262.13,261.76,258.01,260.63333333333344,262.205
2025-07-13,Product_B,Snacks,314.36,66.2,1,7,3,28,241.96,262.13,261.76,255.28333333333345,257.72166666666664
2025-07-20,Product_B,Snacks,218.51,75.3,0,7,3,29,314.36,241.96,262.13,272.8166666666668,265.79833333333335
2025-07-27,Product_B,Snacks,247.81,54.01,0,7,3,30,218.51,314.36,241.96,258.2766666666668,259.455
2025-08-03,Product_B,Snacks,218.83,52.25,0,8,3,31,247.81,218.51,314.36,260.22666666666674,257.755
2025-08-10,Product_B,Snacks,225.45,25.04,0,8,3,32,218.83,247.81,218.51,228.38333333333344,250.60000000000002
2025-08-17,Product_B,Snacks,233.93,38.82,0,8,3,33,225.45,218.83,247.81,230.69666666666674,244.48666666666665
2025-08-24,Product_B,Snacks,284.47,53.33,1,8,3,34,233.93,225.45,218.83,226.07000000000008,243.1483333333333
2025-08-31,Product_B,Snacks,240.02,15.29,0,8,3,35,284.47,233.93,225.45,247.95000000000007,238.16666666666666
2025-09-07,Product_B,Snacks,207.02,70.57,0,9,3,36,240.02,284.47,233.93,252.80666666666676,241.75166666666667
2025-09-14,Product_B,Snacks,222.12,35.28,0,9,3,37,207.02,240.02,284.47,243.83666666666673,234.95333333333335
2025-09-21,Product_B,Snacks,231.31,38.5,0,9,3,38,222.12,207.02,240.02,223.05333333333343,235.50166666666667
2025-09-28,Product_B,Snacks,219.0,83.25,0,9,3,39,231.31,222.12,207.02,220.1500000000001,236.47833333333335
2025-10-05,Product_B,Snacks,224.34,87.31,0,10,4,40,219.0,231.31,222.12,224.14333333333343,233.99
2025-10-12,Product_B,Snacks,220.39,44.07,0,10,4,41,224.34,219.0,231.31,224.8833333333334,223.96833333333333
2025-10-19,Product_B,Snacks,241.63,67.79,0,10,4,42,220.39,224.34,219.0,221.24333333333342,220.6966666666667
2025-10-26,Product_B,Snacks,245.38,72.08,0,10,4,43,241.63,220.39,224.34,228.78666666666675,226.465
2025-11-02,Product_B,Snacks,227.84,67.69,0,11,4,44,245.38,241.63,220.39,235.80000000000007,230.34166666666667
2025-11-09,Product_B,Snacks,234.29,63.31,0,11,4,45,227.84,245.38,241.63,238.2833333333334,229.76333333333332
2025-11-16,Product_B,Snacks,307.74,42.0,1,11,4,46,234.29,227.84,245.38,235.83666666666673,232.31166666666664
2025-11-23,Product_B,Snacks,254.0,49.33,0,11,4,47,307.74,234.29,227.84,256.6233333333334,246.21166666666667
2025-11-30,Product_B,Snacks,236.34,42.65,0,11,4,48,254.0,307.74,234.29,265.3433333333334,251.81333333333336
2025-12-07,Product_B,Snacks,260.57,46.24,0,12,4,49,236.34,254.0,307.74,266.02666666666676,250.9316666666667
2025-12-14,Product_B,Snacks,265.99,78.78,0,12,4,50,260.57,236.34,254.0,250.3033333333334,253.46333333333334
2025-12-21,Product_B,Snacks,234.7,81.01,0,12,4,51,265.99,260.57,236.34,254.30000000000007,259.82166666666666
2025-12-28,Product_B,Snacks,231.31,65.84,0,12,4,52,234.7,265.99,260.57,253.75333333333342,259.89000000000004
2026-01-04,Product_B,Snacks,354.64,63.87,1,1,1,1,231.31,234.7,265.99,244.00000000000009,247.15166666666664
2026-01-11,Product_B,Snacks,263.39,38.67,0,1,1,2,354.64,231.31,234.7,273.55000000000007,263.92499999999995
2026-01-18,Product_B,Snacks,315.21,29.94,0,1,1,3,263.39,354.64,231.31,283.1133333333334,268.43333333333334
2026-01-25,Product_B,Snacks,275.37,36.56,0,1,1,4,315.21,263.39,354.64,311.0800000000001,277.54
2026-02-01,Product_B,Snacks,354.06,53.69,1,2,1,5,275.37,315.21,263.39,284.65666666666675,279.1033333333333
2026-02-08,Product_B,Snacks,284.5,77.66,0,2,1,6,354.06,275.37,315.21,314.88000000000005,298.99666666666667
2026-02-15,Product_B,Snacks,279.26,45.32,0,2,1,7,284.5,354.06,275.37,304.64333333333343,307.8616666666667
2026-02-22,Product_B,Snacks,292.83,59.63,0,2,1,8,279.26,284.5,354.06,305.94000000000005,295.29833333333335
2026-03-01,Product_B,Snacks,295.1,53.93,0,3,1,9,292.83,279.26,284.5,285.53000000000003,300.205
2026-03-08,Product_B,Snacks,316.18,38.39,0,3,1,10,295.1,292.83,279.26,289.06333333333345,296.8533333333333
2026-03-15,Product_B,Snacks,303.86,88.2,0,3,1,11,316.18,295.1,292.83,301.37000000000006,303.65500000000003
2026-03-22,Product_B,Snacks,383.63,16.27,1,3,1,12,303.86,316.18,295.1,305.04666666666674,295.28833333333336
2026-03-29,Product_B,Snacks,377.63,34.92,1,3,1,13,383.63,303.86,316.18,334.55666666666673,311.81
2026-04-05,Product_B,Snacks,363.59,37.0,1,4,2,14,377.63,383.63,303.86,355.04000000000013,328.205
2026-04-12,Product_B,Snacks,325.02,42.88,0,4,2,15,363.59,377.63,383.63,374.95000000000005,339.99833333333333
2026-04-19,Product_B,Snacks,364.73,37.49,1,4,2,16,325.02,363.59,377.63,355.4133333333334,344.98499999999996
2026-04-26,Product_B,Snacks,305.49,16.77,0,4,2,17,364.73,325.02,363.59,351.1133333333334,353.07666666666665
2026-05-03,Product_B,Snacks,272.81,73.74,0,5,2,18,305.49,364.73,325.02,331.7466666666667,353.3483333333333
2026-05-10,Product_B,Snacks,311.87,37.72,0,5,2,19,272.81,305.49,364.73,314.3433333333334,334.87833333333333
2026-05-17,Product_B,Snacks,347.97,32.12,1,5,2,20,311.87,272.81,305.49,296.7233333333334,323.9183333333333
2026-05-24,Product_B,Snacks,254.0,50.54,0,5,2,21,347.97,311.87,272.81,310.88333333333344,321.315
2026-05-31,Product_B,Snacks,336.63,86.83,1,5,2,22,254.0,347.97,311.87,304.6133333333334,309.4783333333333
2026-06-07,Product_B,Snacks,275.67,20.67,0,6,2,23,336.63,254.0,347.97,312.86666666666673,304.795
2026-06-14,Product_B,Snacks,262.34,31.9,0,6,2,24,275.67,336.63,254.0,288.7666666666667,299.825
2026-06-21,Product_B,Snacks,253.0,73.6,0,6,2,25,262.34,275.67,336.63,291.54666666666674,298.08
2026-06-28,Product_B,Snacks,279.25,26.02,0,6,2,26,253.0,262.34,275.67,263.6700000000001,288.2683333333334
2026-07-05,Product_B,Snacks,261.93,65.56,0,7,3,27,279.25,253.0,262.34,264.8633333333334,276.815
2026-07-12,Product_B,Snacks,244.13,40.89,0,7,3,28,261.93,279.25,253.0,264.72666666666674,278.13666666666666
2026-07-19,Product_B,Snacks,246.25,81.76,0,7,3,29,244.13,261.93,279.25,261.77000000000004,262.71999999999997
