sales_data.csv
date,product,category,demand,price,promotion_flag,month,quarter,week_of_year,lag_1,lag_2,lag_3,rolling_mean_3,rolling_mean_6
2026-07-26,Product_B,Snacks,239.08,19.67,0,7,3,30,246.25,244.13,261.93,250.77000000000007,257.81666666666666
2026-08-02,Product_B,Snacks,322.32,86.85,1,8,3,31,239.08,246.25,244.13,243.15333333333342,253.94000000000003
2026-08-09,Product_B,Snacks,272.17,33.14,0,8,3,32,322.32,239.08,246.25,269.21666666666675,265.49333333333334
2026-08-16,Product_B,Snacks,298.84,35.6,1,8,3,33,272.17,322.32,239.08,277.85666666666674,264.31333333333333
2026-08-23,Product_B,Snacks,194.13,49.47,0,8,3,34,298.84,272.17,322.32,297.7766666666667,270.465
2026-08-30,Product_B,Snacks,327.76,27.43,1,8,3,35,194.13,298.84,272.17,255.04666666666674,262.13166666666666
2026-09-06,Product_B,Snacks,225.16,30.69,0,9,3,36,327.76,194.13,298.84,273.57666666666677,275.7166666666667
2026-09-13,Product_B,Snacks,243.28,29.77,0,9,3,37,225.16,327.76,194.13,249.01666666666677,273.39666666666665
2026-09-20,Product_B,Snacks,190.13,89.61,0,9,3,38,243.28,225.16,327.76,265.4000000000001,260.2233333333333
2026-09-27,Product_B,Snacks,233.79,59.52,0,9,3,39,190.13,243.28,225.16,219.5233333333334,246.54999999999998
2026-10-04,Product_B,Snacks,300.22,61.68,1,10,4,40,233.79,190.13,243.28,222.4000000000001,235.70833333333334
2026-10-11,Product_B,Snacks,239.32,27.13,0,10,4,41,300.22,233.79,190.13,241.3800000000001,253.39
2026-10-18,Product_B,Snacks,241.22,68.87,0,10,4,42,239.32,300.22,233.79,257.77666666666676,238.64999999999998
2026-10-25,Product_B,Snacks,216.49,27.2,0,10,4,43,241.22,239.32,300.22,260.25333333333344,241.32666666666668
2026-11-01,Product_B,Snacks,236.03,72.87,0,11,4,44,216.49,241.22,239.32,232.34333333333345,236.86166666666668
2026-11-08,Product_B,Snacks,311.85,41.78,1,11,4,45,236.03,216.49,241.22,231.24666666666675,244.51166666666666
2026-11-15,Product_B,Snacks,229.97,32.15,0,11,4,46,311.85,236.03,216.49,254.7900000000001,257.5216666666667
2026-11-22,Product_B,Snacks,250.9,78.6,0,11,4,47,229.97,311.85,236.03,259.2833333333334,245.81333333333336
2026-11-29,Product_B,Snacks,246.87,22.15,0,11,4,48,250.9,229.97,311.85,264.24000000000007,247.74333333333334
2026-12-06,Product_B,Snacks,261.55,64.68,0,12,4,49,246.87,250.9,229.97,242.58000000000007,248.68500000000003
2026-12-13,Product_B,Snacks,345.32,36.67,1,12,4,50,261.55,246.87,250.9,253.10666666666677,256.195
2026-12-20,Product_B,Snacks,271.28,18.37,0,12,4,51,345.32,261.55,246.87,284.5800000000001,274.41
2026-12-27,Product_B,Snacks,293.24,42.88,0,12,4,52,271.28,345.32,261.55,292.71666666666675,267.6483333333333
2027-01-03,Product_B,Snacks,265.86,86.32,0,1,1,53,293.24,271.28,345.32,303.28000000000014,278.1933333333333
2027-01-10,Product_B,Snacks,275.6,41.78,0,1,1,1,265.86,293.24,271.28,276.79333333333346,280.68666666666667
2027-01-17,Product_B,Snacks,301.47,41.89,0,1,1,2,275.6,265.86,293.24,278.2333333333334,285.47499999999997
2027-01-24,Product_B,Snacks,290.18,33.03,0,1,1,3,301.47,275.6,265.86,280.97666666666674,292.12833333333333
2027-01-31,Product_B,Snacks,277.1,17.92,0,1,1,4,290.18,301.47,275.6,289.0833333333334,282.93833333333333
2027-02-07,Product_B,Snacks,360.42,28.14,1,2,1,5,277.1,290.18,301.47,289.5833333333334,283.90833333333336
2027-02-14,Product_B,Snacks,309.51,58.62,0,2,1,6,360.42,277.1,290.18,309.2333333333334,295.105
2027-02-21,Product_B,Snacks,325.91,58.51,0,2,1,7,309.51,360.42,277.1,315.67666666666673,302.38
2027-02-28,Product_B,Snacks,303.77,41.48,0,2,1,8,325.91,309.51,360.42,331.9466666666668,310.76500000000004
2027-03-07,Product_B,Snacks,292.62,85.98,0,3,1,9,303.77,325.91,309.51,313.06333333333345,311.14833333333337
2027-03-14,Product_B,Snacks,320.95,50.73,0,3,1,10,292.62,303.77,325.91,307.43333333333345,311.555
2027-03-21,Product_B,Snacks,288.08,30.35,0,3,1,11,320.95,292.62,303.77,305.78000000000014,318.86333333333334
2027-03-28,Product_B,Snacks,304.24,79.13,0,3,1,12,288.08,320.95,292.62,300.5500000000001,306.8066666666667
2027-04-04,Product_B,Snacks,262.06,20.34,0,4,2,13,304.24,288.08,320.95,304.4233333333334,305.92833333333334
2027-04-11,Product_B,Snacks,296.86,77.69,0,4,2,14,262.06,304.24,288.08,284.79333333333346,295.2866666666667
2027-04-18,Product_B,Snacks,308.02,67.02,0,4,2,15,296.86,262.06,304.24,287.7200000000001,294.135
2027-04-25,Product_B,Snacks,376.15,80.69,1,4,2,16,308.02,296.86,262.06,288.9800000000001,296.70166666666665
2027-05-02,Product_B,Snacks,281.44,36.19,0,5,2,17,376.15,308.02,296.86,327.01000000000005,305.9016666666667
2027-05-09,Product_B,Snacks,342.36,72.42,1,5,2,18,281.44,376.15,308.02,321.87000000000006,304.795
2027-05-16,Product_B,Snacks,338.59,46.24,1,5,2,19,342.36,281.44,376.15,333.3166666666668,311.14833333333337
2027-05-23,Product_B,Snacks,292.16,31.96,0,5,2,20,338.59,342.36,281.44,320.7966666666668,323.9033333333333
2027-05-30,Product_B,Snacks,302.07,37.8,0,5,2,21,292.16,338.59,342.36,324.37000000000006,323.12
2027-06-06,Product_B,Snacks,241.2,78.63,0,6,2,22,302.07,292.16,338.59,310.94000000000005,322.12833333333333
2027-06-13,Product_B,Snacks,292.51,37.72,0,6,2,23,241.2,302.07,292.16,278.47666666666674,299.63666666666666
2027-06-20,Product_B,Snacks,256.79,28.62,0,6,2,24,292.51,241.2,302.07,278.5933333333334,301.4816666666667
2027-06-27,Product_B,Snacks,250.08,82.65,0,6,2,25,256.79,292.51,241.2,263.50000000000006,287.21999999999997
2027-07-04,Product_B,Snacks,271.28,64.58,0,7,3,26,250.08,256.79,292.51,266.4600000000001,272.46833333333336
2027-07-11,Product_B,Snacks,296.62,55.84,1,7,3,27,271.28,250.08,256.79,259.38333333333344,268.9883333333333
2027-07-18,Product_B,Snacks,257.14,58.78,0,7,3,28,296.62,271.28,250.08,272.6600000000001,268.08
2027-07-25,Product_B,Snacks,269.61,18.18,0,7,3,29,257.14,296.62,271.28,275.0133333333334,270.7366666666667
2027-08-01,Product_B,Snacks,205.68,68.58,0,8,3,30,269.61,257.14,296.62,274.45666666666676,266.92
2027-08-08,Product_B,Snacks,278.46,22.69,0,8,3,31,205.68,269.61,257.14,244.14333333333343,258.4016666666667
2027-08-15,Product_B,Snacks,282.47,84.97,0,8,3,32,278.46,205.68,269.61,251.25000000000009,263.13166666666666
2027-08-22,Product_B,Snacks,226.93,67.29,0,8,3,33,282.47,278.46,205.68,255.53666666666678,264.99666666666667
2027-08-29,Product_B,Snacks,264.09,67.09,0,8,3,34,226.93,282.47,278.46,262.62000000000006,253.38166666666666
2027-09-05,Product_B,Snacks,239.27,79.63,0,9,3,35,264.09,226.93,282.47,257.8300000000001,254.54000000000005
2027-09-12,Product_B,Snacks,223.55,40.9,0,9,3,36,239.27,264.09,226.93,243.4300000000001,249.48333333333335
2027-09-19,Product_B,Snacks,230.25,88.39,0,9,3,37,223.55,239.27,264.09,242.30333333333343,252.46166666666667
2027-09-26,Product_B,Snacks,244.08,57.16,0,9,3,38,230.25,223.55,239.27,231.02333333333343,244.42666666666665
2027-10-03,Product_B,Snacks,217.68,52.22,0,10,4,39,244.08,230.25,223.55,232.62666666666678,238.02833333333334
2027-10-10,Product_B,Snacks,225.63,70.08,0,10,4,40,217.68,244.08,230.25,230.67000000000007,236.48666666666668
2027-10-17,Product_B,Snacks,219.22,16.89,0,10,4,41,225.63,217.68,244.08,229.1300000000001,230.07666666666668
2027-10-24,Product_B,Snacks,224.77,76.28,0,10,4,42,219.22,225.63,217.68,220.84333333333345,226.73499999999999
2027-10-31,Product_B,Snacks,228.41,87.53,0,10,4,43,224.77,219.22,225.63,223.2066666666668,226.93833333333336
2027-11-07,Product_B,Snacks,232.49,79.7,0,11,4,44,228.41,224.77,219.22,224.13333333333344,226.63166666666666
2027-11-14,Product_B,Snacks,270.12,75.0,1,11,4,45,232.49,228.41,224.77,228.55666666666676,224.70000000000002
2027-11-21,Product_B,Snacks,325.86,79.9,1,11,4,46,270.12,232.49,228.41,243.67333333333343,233.43999999999997
2027-11-28,Product_B,Snacks,329.29,38.23,1,11,4,47,325.86,270.12,232.49,276.1566666666668,250.14499999999998
2027-12-05,Product_B,Snacks,257.49,74.75,0,12,4,48,329.29,325.86,270.12,308.42333333333346,268.49
2027-12-12,Product_B,Snacks,288.86,61.87,0,12,4,49,257.49,329.29,325.86,304.2133333333334,273.9433333333333
2027-12-19,Product_B,Snacks,283.79,15.91,0,12,4,50,288.86,257.49,329.29,291.8800000000001,284.0183333333334
2027-12-26,Product_B,Snacks,247.47,18.89,0,12,4,51,283.79,288.86,257.49,276.7133333333335,292.5683333333333
2028-01-02,Product_B,Snacks,298.89,41.47,0,1,1,52,247.47,283.79,288.86,273.37333333333345,288.79333333333335
2028-01-09,Product_B,Snacks,281.17,40.05,0,1,1,1,298.89,247.47,283.79,276.7166666666668,284.29833333333335
2028-01-16,Product_B,Snacks,373.17,73.78,1,1,1,2,281.17,298.89,247.47,275.8433333333335,276.27833333333336
2028-01-23,Product_B,Snacks,270.95,47.46,0,1,1,3,373.17,281.17,298.89,317.74333333333345,295.55833333333334
2028-01-30,Product_B,Snacks,375.8,43.04,1,1,1,4,270.95,373.17,281.17,308.4300000000001,292.5733333333333
2028-02-06,Product_B,Snacks,320.01,63.13,0,2,1,5,375.8,270.95,373.17,339.9733333333334,307.90833333333336
2028-02-13,Product_B,Snacks,330.07,46.38,0,2,1,6,320.01,375.8,270.95,322.25333333333344,319.99833333333333
2028-02-20,Product_B,Snacks,293.88,22.6,0,2,1,7,330.07,320.01,375.8,341.9600000000001,325.195
2028-02-27,Product_B,Snacks,277.59,88.53,0,2,1,8,293.88,330.07,320.01,314.6533333333334,327.31333333333333
2028-03-05,Product_B,Snacks,366.57,53.9,1,3,1,9,277.59,293.88,330.07,300.51333333333343,311.3833333333333
2028-03-12,Product_B,Snacks,288.53,67.84,0,3,1,10,366.57,277.59,293.88,312.68000000000006,327.32
2028-03-19,Product_B,Snacks,285.3,40.99,0,3,1,11,288.53,366.57,277.59,310.89666666666676,312.775
2028-03-26,Product_B,Snacks,297.64,51.23,0,3,1,12,285.3,288.53,366.57,313.46666666666675,306.99
2028-04-02,Product_B,Snacks,311.36,36.56,0,4,2,13,297.64,285.3,288.53,290.4900000000001,301.585
2028-04-09,Product_B,Snacks,312.98,20.77,0,4,2,14,311.36,297.64,285.3,298.1000000000001,304.4983333333333
2028-04-16,Product_B,Snacks,348.38,86.36,1,4,2,15,312.98,311.36,297.64,307.32666666666677,310.3966666666667
2028-04-23,Product_B,Snacks,296.92,61.77,0,4,2,16,348.38,312.98,311.36,324.2400000000001,307.365
2028-04-30,Product_B,Snacks,322.63,35.06,0,4,2,17,296.92,348.38,312.98,319.4266666666668,308.7633333333334
2028-05-07,Product_B,Snacks,268.27,60.75,0,5,2,18,322.63,296.92,348.38,322.64333333333343,314.985
2028-05-14,Product_B,Snacks,312.61,35.33,0,5,2,19,268.27,322.63,296.92,295.9400000000001,310.09
2028-05-21,Product_B,Snacks,302.73,22.94,0,5,2,20,312.61,268.27,322.63,301.1700000000001,310.29833333333335
2028-05-28,Product_B,Snacks,354.48,85.86,1,5,2,21,302.73,312.61,268.27,294.5366666666668,308.59
2028-06-04,Product_B,Snacks,276.31,59.07,0,6,2,22,354.48,302.73,312.61,323.2733333333335,309.6066666666667
2028-06-11,Product_B,Snacks,264.68,66.01,0,6,2,23,276.31,354.48,302.73,311.17333333333346,306.1716666666667
2028-06-18,Product_B,Snacks,276.02,33.98,0,6,2,24,264.68,276.31,354.48,298.4900000000002,296.5133333333334
2028-06-25,Product_B,Snacks,283.33,86.82,0,6,2,25,276.02,264.68,276.31,272.3366666666668,297.805
2028-07-02,Product_B,Snacks,244.49,65.43,0,7,3,26,283.33,276.02,264.68,274.6766666666668,292.925
2028-07-09,Product_B,Snacks,260.7,22.64,0,7,3,27,244.49,283.33,276.02,267.9466666666668,283.2183333333333
2028-07-16,Product_B,Snacks,308.52,71.13,1,7,3,28,260.7,244.49,283.33,262.84000000000015,267.5883333333333
2028-07-23,Product_B,Snacks,247.4,47.55,0,7,3,29,308.52,260.7,244.49,271.23666666666674,272.95666666666665
2028-07-30,Product_B,Snacks,234.97,15.68,0,7,3,30,247.4,308.52,260.7,272.20666666666676,270.07666666666665
2028-08-06,Product_B,Snacks,215.5,61.0,0,8,3,31,234.97,247.4,308.52,263.6300000000001,263.23499999999996
2028-08-13,Product_B,Snacks,260.05,21.85,0,8,3,32,215.5,234.97,247.4,232.62333333333345,251.92999999999998
2028-08-20,Product_B,Snacks,219.61,80.81,0,8,3,33,260.05,215.5,234.97,236.84000000000015,254.5233333333333
2028-08-27,Product_B,Snacks,233.13,33.57,0,8,3,34,219.61,260.05,215.5,231.7200000000001,247.67499999999998
2028-09-03,Product_B,Snacks,310.74,49.42,1,9,3,35,233.13,219.61,260.05,237.5966666666668,235.10999999999999
2028-09-10,Product_B,Snacks,269.49,21.09,0,9,3,36,310.74,233.13,219.61,254.49333333333345,245.66666666666666
2028-09-17,Product_B,Snacks,238.09,77.89,0,9,3,37,269.49,310.74,233.13,271.1200000000001,251.42
2028-09-24,Product_B,Snacks,243.21,55.82,0,9,3,38,238.09,269.49,310.74,272.7733333333335,255.18500000000003
2028-10-01,Product_B,Snacks,253.9,61.26,0,10,4,39,243.21,238.09,269.49,250.26333333333346,252.37833333333333
2028-10-08,Product_B,Snacks,264.58,20.13,0,10,4,40,253.9,243.21,238.09,245.0666666666668,258.0933333333333
2028-10-15,Product_B,Snacks,251.93,84.06,0,10,4,41,264.58,253.9,243.21,253.89666666666676,263.335
2028-10-22,Product_B,Snacks,284.95,42.63,0,10,4,42,251.93,264.58,253.9,256.80333333333346,253.53333333333333
2028-10-29,Product_B,Snacks,234.04,64.98,0,10,4,43,284.95,251.93,264.58,267.1533333333334,256.11
2028-11-05,Product_B,Snacks,285.15,33.63,0,11,4,44,234.04,284.95,251.93,256.9733333333334,255.43499999999997
2028-11-12,Product_B,Snacks,291.31,47.07,0,11,4,45,285.15,234.04,284.95,268.04666666666674,262.42499999999995
2028-11-19,Product_B,Snacks,249.92,19.8,0,11,4,46,291.31,285.15,234.04,270.16666666666674,268.66
2028-11-26,Product_B,Snacks,252.36,36.93,0,11,4,47,249.92,291.31,285.15,275.4600000000001,266.21666666666664
2028-12-03,Product_B,Snacks,273.23,52.7,0,12,4,48,252.36,249.92,291.31,264.53000000000014,266.28833333333336
2028-12-10,Product_B,Snacks,328.19,51.83,1,12,4,49,273.23,252.36,249.92,258.5033333333335,264.335
2028-12-17,Product_B,Snacks,303.99,34.52,0,12,4,50,328.19,273.23,252.36,284.5933333333335,280.0266666666667
2028-12-24,Product_B,Snacks,357.01,27.03,1,12,4,51,303.99,328.19,273.23,301.80333333333346,283.1666666666667
2028-12-31,Product_B,Snacks,276.87,66.39,0,12,4,52,357.01,303.99,328.19,329.73000000000013,294.1166666666667
2029-01-07,Product_B,Snacks,340.69,36.69,1,1,1,1,276.87,357.01,303.99,312.6233333333335,298.60833333333335
2029-01-14,Product_B,Snacks,278.19,55.17,0,1,1,2,340.69,276.87,357.01,324.8566666666668,313.33
2029-01-21,Product_B,Snacks,304.56,41.53,0,1,1,3,278.19,340.69,276.87,298.5833333333334,314.1566666666667
2029-01-28,Product_B,Snacks,295.28,83.53,0,1,1,4,304.56,278.19,340.69,307.81333333333345,310.2183333333333
2029-02-04,Product_B,Snacks,312.02,39.51,0,2,1,5,295.28,304.56,278.19,292.6766666666668,308.76666666666665
2029-02-11,Product_B,Snacks,261.46,80.72,0,2,1,6,312.02,295.28,304.56,303.95333333333343,301.2683333333333
2029-02-18,Product_B,Snacks,375.01,44.45,1,2,1,7,261.46,312.02,295.28,289.58666666666676,298.7
2029-02-25,Product_B,Snacks,353.03,79.41,0,2,1,8,375.01,261.46,312.02,316.16333333333347,304.42
2029-03-04,Product_B,Snacks,313.63,77.84,0,3,1,9,353.03,375.01,261.46,329.8333333333334,316.8933333333333
2029-03-11,Product_B,Snacks,321.24,60.79,0,3,1,10,313.63,353.03,375.01,347.2233333333335,318.405
2029-03-18,Product_B,Snacks,381.74,65.52,1,3,1,11,321.24,313.63,353.03,329.3000000000001,322.7316666666666
2029-03-25,Product_B,Snacks,303.95,23.82,0,3,1,12,381.74,321.24,313.63,338.8700000000001,334.35166666666663
2029-04-01,Product_B,Snacks,396.83,15.15,1,4,2,13,303.95,381.74,321.24,335.6433333333335,341.43333333333334
2029-04-08,Product_B,Snacks,330.41,27.1,0,4,2,14,396.83,303.95,381.74,360.84000000000015,345.07
2029-04-15,Product_B,Snacks,367.17,16.43,1,4,2,15,330.41,396.83,303.95,343.7300000000002,341.3
2029-04-22,Product_B,Snacks,353.83,31.68,1,4,2,16,367.17,330.41,396.83,364.80333333333346,350.22333333333336
2029-04-29,Product_B,Snacks,282.1,60.58,0,4,2,17,353.83,367.17,330.41,350.4700000000002,355.65500000000003
2029-05-06,Product_B,Snacks,276.08,86.99,0,5,2,18,282.1,353.83,367.17,334.3666666666668,339.04833333333335
2029-05-13,Product_B,Snacks,265.84,56.77,0,5,2,19,276.08,282.1,353.83,304.00333333333344,334.40333333333336
2029-05-20,Product_B,Snacks,258.16,67.23,0,5,2,20,265.84,276.08,282.1,274.67333333333346,312.57166666666666
2029-05-27,Product_B,Snacks,254.85,27.88,0,5,2,21,258.16,265.84,276.08,266.69333333333344,300.53000000000003
2029-06-03,Product_B,Snacks,273.75,62.36,0,6,2,22,254.85,258.16,265.84,259.61666666666684,281.81
2029-06-10,Product_B,Snacks,267.25,23.65,0,6,2,23,273.75,254.85,258.16,262.2533333333335,268.4633333333333
2029-06-17,Product_B,Snacks,287.48,25.71,0,6,2,24,267.25,273.75,254.85,265.2833333333335,265.9883333333333
2029-06-24,Product_B,Snacks,296.93,30.47,0,6,2,25,287.48,267.25,273.75,276.16000000000014,267.8883333333333
2029-07-01,Product_B,Snacks,253.47,53.09,0,7,3,26,296.93,287.48,267.25,283.8866666666668,273.07
2029-07-08,Product_B,Snacks,312.7,16.36,0,7,3,27,253.47,296.93,287.48,279.29333333333346,272.28833333333336
2029-07-15,Product_B,Snacks,234.89,66.65,0,7,3,28,312.7,253.47,296.93,287.70000000000016,281.93
2029-07-22,Product_B,Snacks,272.06,15.75,0,7,3,29,234.89,312.7,253.47,267.02000000000015,275.4533333333333
2029-07-29,Product_B,Snacks,282.8,76.6,0,7,3,30,272.06,234.89,312.7,273.21666666666687,276.255
2020-01-26,Product_C,Dairy,174.12,75.27,0,1,1,4,163.28,178.51,194.47,178.75333333333333,178.75333333333333
2020-02-02,Product_C,Dairy,206.83,30.26,0,2,1,5,174.12,163.28,178.51,171.97,177.595
2020-02-09,Product_C,Dairy,170.47,19.99,0,2,1,6,206.83,174.12,163.28,181.41,183.442
2020-02-16,Product_C,Dairy,213.84,20.56,0,2,1,7,170.47,206.83,174.12,183.8066666666667,181.28
2020-02-23,Product_C,Dairy,175.3,89.79,0,2,1,8,213.84,170.47,206.83,197.04666666666665,184.50833333333333
2020-03-01,Product_C,Dairy,189.86,39.09,0,3,1,9,175.3,213.84,170.47,186.53666666666666,183.97333333333333
2020-03-08,Product_C,Dairy,187.69,20.15,0,3,1,10,189.86,175.3,213.84,193.0,188.40333333333334
2020-03-15,Product_C,Dairy,206.65,49.82,0,3,1,11,187.69,189.86,175.3,184.28333333333333,190.665
2020-03-22,Product_C,Dairy,220.04,15.63,0,3,1,12,206.65,187.69,189.86,194.73333333333335,190.635
2020-03-29,Product_C,Dairy,189.26,64.63,0,3,1,13,220.04,206.65,187.69,204.79333333333332,198.89666666666665
2020-04-05,Product_C,Dairy,186.1,72.96,0,4,2,14,189.26,220.04,206.65,205.31666666666663,194.79999999999998
2020-04-12,Product_C,Dairy,205.27,19.98,0,4,2,15,186.1,189.26,220.04,198.46666666666667,196.6
