sales_data.csv
date,product,category,demand,price,promotion_flag,month,quarter,week_of_year,lag_1,lag_2,lag_3,rolling_mean_3,rolling_mean_6
2026-12-06,Product_C,Dairy,184.7,69.82,0,12,4,49,179.51,184.63,187.45,183.86333333333334,176.60666666666668
2026-12-13,Product_C,Dairy,199.84,58.38,0,12,4,50,184.7,179.51,184.63,182.9466666666667,180.01166666666666
2026-12-20,Product_C,Dairy,210.16,19.47,0,12,4,51,199.84,184.7,179.51,188.01666666666668,184.71333333333334
2026-12-27,Product_C,Dairy,218.87,25.5,0,12,4,52,210.16,199.84,184.7,198.23333333333335,191.04833333333332
2027-01-03,Product_C,Dairy,181.28,53.97,0,1,1,53,218.87,210.16,199.84,209.62333333333336,196.285
2027-01-10,Product_C,Dairy,204.33,25.14,0,1,1,1,181.28,218.87,210.16,203.4366666666667,195.7266666666667
2027-01-17,Product_C,Dairy,281.66,26.91,1,1,1,2,204.33,181.28,218.87,201.49333333333334,199.86333333333334
2027-01-24,Product_C,Dairy,195.37,80.97,0,1,1,3,281.66,204.33,181.28,222.42333333333337,216.02333333333334
2027-01-31,Product_C,Dairy,195.41,51.29,0,1,1,4,195.37,281.66,204.33,227.12000000000003,215.27833333333334
2027-02-07,Product_C,Dairy,241.39,41.84,0,2,1,5,195.41,195.37,281.66,224.14666666666668,212.82000000000002
2027-02-14,Product_C,Dairy,288.87,50.38,1,2,1,6,241.39,195.41,195.37,210.72333333333336,216.57333333333335
2027-02-21,Product_C,Dairy,227.25,57.77,0,2,1,7,288.87,241.39,195.41,241.89000000000001,234.505
2027-02-28,Product_C,Dairy,257.58,41.61,1,2,1,8,227.25,288.87,241.39,252.50333333333336,238.32500000000002
2027-03-07,Product_C,Dairy,233.68,57.29,0,3,1,9,257.58,227.25,288.87,257.90000000000003,234.31166666666664
2027-03-14,Product_C,Dairy,204.75,74.72,0,3,1,10,233.68,257.58,227.25,239.50333333333336,240.6966666666667
2027-03-21,Product_C,Dairy,207.88,60.76,0,3,1,11,204.75,233.68,257.58,232.00333333333336,242.25333333333333
2027-03-28,Product_C,Dairy,225.1,46.43,0,3,1,12,207.88,204.75,233.68,215.43666666666672,236.66833333333338
2027-04-04,Product_C,Dairy,197.06,53.53,0,4,2,13,225.1,207.88,204.75,212.5766666666667,226.04
2027-04-11,Product_C,Dairy,229.1,16.8,0,4,2,14,197.06,225.1,207.88,210.01333333333335,221.00833333333333
2027-04-18,Product_C,Dairy,210.95,85.61,0,4,2,15,229.1,197.06,225.1,217.0866666666667,216.26166666666668
2027-04-25,Product_C,Dairy,247.01,61.93,1,4,2,16,210.95,229.1,197.06,212.37000000000003,212.47333333333333
2027-05-02,Product_C,Dairy,224.75,45.55,0,5,2,17,247.01,210.95,229.1,229.02000000000007,219.51666666666665
2027-05-09,Product_C,Dairy,220.62,16.69,0,5,2,18,224.75,247.01,210.95,227.57000000000002,222.3283333333333
2027-05-16,Product_C,Dairy,212.48,58.28,0,5,2,19,220.62,224.75,247.01,230.79333333333338,221.58166666666668
2027-05-23,Product_C,Dairy,223.88,47.23,0,5,2,20,212.48,220.62,224.75,219.2833333333334,224.15166666666667
2027-05-30,Product_C,Dairy,187.51,83.48,0,5,2,21,223.88,212.48,220.62,218.99333333333337,223.28166666666664
2027-06-06,Product_C,Dairy,207.1,29.9,0,6,2,22,187.51,223.88,212.48,207.9566666666667,219.375
2027-06-13,Product_C,Dairy,228.32,37.98,0,6,2,23,207.1,187.51,223.88,206.16333333333333,212.72333333333336
2027-06-20,Product_C,Dairy,212.6,61.16,0,6,2,24,228.32,207.1,187.51,207.64333333333335,213.31833333333336
2027-06-27,Product_C,Dairy,251.7,21.58,1,6,2,25,212.6,228.32,207.1,216.0066666666667,211.98166666666665
2027-07-04,Product_C,Dairy,172.42,36.25,0,7,3,26,251.7,212.6,228.32,230.87333333333336,218.51833333333332
2027-07-11,Product_C,Dairy,192.35,75.89,0,7,3,27,172.42,251.7,212.6,212.24,209.9416666666667
2027-07-18,Product_C,Dairy,201.42,16.51,0,7,3,28,192.35,172.42,251.7,205.49,210.74833333333333
2027-07-25,Product_C,Dairy,251.68,81.46,1,7,3,29,201.42,192.35,172.42,188.73000000000002,209.80166666666665
2027-08-01,Product_C,Dairy,153.09,65.93,0,8,3,30,251.68,201.42,192.35,215.15,213.69499999999996
2027-08-08,Product_C,Dairy,153.59,89.77,0,8,3,31,153.09,251.68,201.42,202.06333333333336,203.77666666666667
2027-08-15,Product_C,Dairy,196.39,18.69,0,8,3,32,153.59,153.09,251.68,186.12000000000003,187.42499999999998
2027-08-22,Product_C,Dairy,157.5,82.3,0,8,3,33,196.39,153.59,153.09,167.69000000000003,191.42
2027-08-29,Product_C,Dairy,204.62,79.43,1,8,3,34,157.5,196.39,153.59,169.16000000000005,185.61166666666668
2027-09-05,Product_C,Dairy,178.45,65.62,0,9,3,35,204.62,157.5,196.39,186.17000000000004,186.14499999999998
2027-09-12,Product_C,Dairy,165.5,38.44,0,9,3,36,178.45,204.62,157.5,180.19000000000005,173.93999999999997
2027-09-19,Product_C,Dairy,177.91,30.73,0,9,3,37,165.5,178.45,204.62,182.8566666666667,176.00833333333333
2027-09-26,Product_C,Dairy,177.21,37.75,0,9,3,38,177.91,165.5,178.45,173.95333333333338,180.06166666666664
2027-10-03,Product_C,Dairy,158.41,72.44,0,10,4,39,177.21,177.91,165.5,173.54000000000005,176.865
2027-10-10,Product_C,Dairy,168.01,69.7,0,10,4,40,158.41,177.21,177.91,171.1766666666667,177.01666666666665
2027-10-17,Product_C,Dairy,156.54,30.51,0,10,4,41,168.01,158.41,177.21,167.8766666666667,170.915
2027-10-24,Product_C,Dairy,173.92,63.39,0,10,4,42,156.54,168.01,158.41,160.9866666666667,167.26333333333332
2027-10-31,Product_C,Dairy,161.71,32.42,0,10,4,43,173.92,156.54,168.01,166.15666666666667,168.66666666666666
2027-11-07,Product_C,Dairy,172.81,73.75,0,11,4,44,161.71,173.92,156.54,164.0566666666667,165.96666666666667
2027-11-14,Product_C,Dairy,193.92,42.77,0,11,4,45,172.81,161.71,173.92,169.48000000000005,165.23333333333332
2027-11-21,Product_C,Dairy,195.56,28.71,0,11,4,46,193.92,172.81,161.71,176.14666666666668,171.15166666666664
2027-11-28,Product_C,Dairy,182.39,43.25,0,11,4,47,195.56,193.92,172.81,187.43000000000004,175.74333333333334
2027-12-05,Product_C,Dairy,204.94,23.18,0,12,4,48,182.39,195.56,193.92,190.62333333333336,180.05166666666665
2027-12-12,Product_C,Dairy,206.69,38.77,0,12,4,49,204.94,182.39,195.56,194.2966666666667,185.22166666666666
2027-12-19,Product_C,Dairy,196.03,79.4,0,12,4,50,206.69,204.94,182.39,198.0066666666667,192.71833333333333
2027-12-26,Product_C,Dairy,200.8,72.35,0,12,4,51,196.03,206.69,204.94,202.55333333333337,196.58833333333334
2028-01-02,Product_C,Dairy,199.91,66.19,0,1,1,52,200.8,196.03,206.69,201.1733333333334,197.73499999999999
2028-01-09,Product_C,Dairy,215.83,52.54,0,1,1,1,199.91,200.8,196.03,198.91333333333338,198.46
2028-01-16,Product_C,Dairy,290.3,38.4,1,1,1,2,215.83,199.91,200.8,205.5133333333334,204.03333333333333
2028-01-23,Product_C,Dairy,222.23,79.61,0,1,1,3,290.3,215.83,199.91,235.34666666666672,218.26
2028-01-30,Product_C,Dairy,192.36,75.9,0,1,1,4,222.23,290.3,215.83,242.78666666666672,220.85
2028-02-06,Product_C,Dairy,240.5,38.47,0,2,1,5,192.36,222.23,290.3,234.96333333333337,220.23833333333334
2028-02-13,Product_C,Dairy,239.73,33.92,0,2,1,6,240.5,192.36,222.23,218.36333333333337,226.85500000000002
2028-02-20,Product_C,Dairy,231.31,27.66,0,2,1,7,239.73,240.5,192.36,224.19666666666672,233.49166666666665
2028-02-27,Product_C,Dairy,215.82,78.68,0,2,1,8,231.31,239.73,240.5,237.18000000000004,236.0716666666667
2028-03-05,Product_C,Dairy,236.43,27.62,0,3,1,9,215.82,231.31,239.73,228.95333333333338,223.65833333333333
2028-03-12,Product_C,Dairy,239.39,69.03,0,3,1,10,236.43,215.82,231.31,227.85333333333338,226.025
2028-03-19,Product_C,Dairy,242.23,60.32,0,3,1,11,239.39,236.43,215.82,230.5466666666667,233.86333333333332
2028-03-26,Product_C,Dairy,222.36,68.2,0,3,1,12,242.23,239.39,236.43,239.35000000000002,234.15166666666664
2028-04-02,Product_C,Dairy,278.65,77.91,1,4,2,13,222.36,242.23,239.39,234.66000000000005,231.25666666666666
2028-04-09,Product_C,Dairy,230.95,80.95,0,4,2,14,278.65,222.36,242.23,247.7466666666667,239.14666666666665
2028-04-16,Product_C,Dairy,243.84,23.44,0,4,2,15,230.95,278.65,222.36,243.98666666666668,241.66833333333332
2028-04-23,Product_C,Dairy,258.44,87.11,1,4,2,16,243.84,230.95,278.65,251.14666666666668,242.9033333333333
2028-04-30,Product_C,Dairy,210.97,62.35,0,4,2,17,258.44,243.84,230.95,244.41000000000005,246.07833333333335
2028-05-07,Product_C,Dairy,208.41,37.37,0,5,2,18,210.97,258.44,243.84,237.75000000000003,240.86833333333334
2028-05-14,Product_C,Dairy,222.6,44.48,0,5,2,19,208.41,210.97,258.44,225.94000000000005,238.5433333333333
2028-05-21,Product_C,Dairy,218.51,41.79,0,5,2,20,222.6,208.41,210.97,213.99333333333337,229.20166666666668
2028-05-28,Product_C,Dairy,227.79,54.04,0,5,2,21,218.51,222.6,208.41,216.5066666666667,227.12833333333333
2028-06-04,Product_C,Dairy,199.86,53.08,0,6,2,22,227.79,218.51,222.6,222.9666666666667,224.45333333333335
2028-06-11,Product_C,Dairy,235.74,88.71,1,6,2,23,199.86,227.79,218.51,215.38666666666668,214.68999999999997
2028-06-18,Product_C,Dairy,199.03,59.65,0,6,2,24,235.74,199.86,227.79,221.13000000000002,218.8183333333333
2028-06-25,Product_C,Dairy,195.86,46.66,0,6,2,25,199.03,235.74,199.86,211.5433333333334,217.25500000000002
2028-07-02,Product_C,Dairy,193.37,63.66,0,7,3,26,195.86,199.03,235.74,210.21000000000006,212.79833333333332
2028-07-09,Product_C,Dairy,200.49,49.35,0,7,3,27,193.37,195.86,199.03,196.08666666666673,208.60833333333335
2028-07-16,Product_C,Dairy,181.9,39.06,0,7,3,28,200.49,193.37,195.86,196.5733333333334,204.05833333333337
2028-07-23,Product_C,Dairy,189.75,89.68,0,7,3,29,181.9,200.49,193.37,191.92000000000007,201.06500000000003
2028-07-30,Product_C,Dairy,195.95,19.1,0,7,3,30,189.75,181.9,200.49,190.7133333333334,193.4
2028-08-06,Product_C,Dairy,171.85,46.4,0,8,3,31,195.95,189.75,181.9,189.20000000000005,192.88666666666668
2028-08-13,Product_C,Dairy,239.09,20.07,1,8,3,32,171.85,195.95,189.75,185.85000000000005,188.885
2028-08-20,Product_C,Dairy,158.91,84.66,0,8,3,33,239.09,171.85,195.95,202.2966666666667,196.505
2028-08-27,Product_C,Dairy,180.12,41.16,0,8,3,34,158.91,239.09,171.85,189.95000000000005,189.57500000000002
2028-09-03,Product_C,Dairy,166.38,61.6,0,9,3,35,180.12,158.91,239.09,192.7066666666667,189.2783333333333
2028-09-10,Product_C,Dairy,215.99,89.57,1,9,3,36,166.38,180.12,158.91,168.47000000000006,185.38333333333333
2028-09-17,Product_C,Dairy,200.35,19.04,0,9,3,37,215.99,166.38,180.12,187.49666666666675,188.72333333333333
2028-09-24,Product_C,Dairy,171.67,48.31,0,9,3,38,200.35,215.99,166.38,194.2400000000001,193.47333333333333
2028-10-01,Product_C,Dairy,183.3,53.17,0,10,4,39,171.67,200.35,215.99,196.00333333333342,182.23666666666668
2028-10-08,Product_C,Dairy,170.64,89.02,0,10,4,40,183.3,171.67,200.35,185.1066666666667,186.30166666666665
2028-10-15,Product_C,Dairy,187.69,33.65,0,10,4,41,170.64,183.3,171.67,175.20333333333338,184.72166666666666
2028-10-22,Product_C,Dairy,187.98,22.3,0,10,4,42,187.69,170.64,183.3,180.5433333333334,188.2733333333333
2028-10-29,Product_C,Dairy,191.56,40.92,0,10,4,43,187.98,187.69,170.64,182.10333333333338,183.605
2028-11-05,Product_C,Dairy,177.15,77.06,0,11,4,44,191.56,187.98,187.69,189.0766666666667,182.14000000000001
2028-11-12,Product_C,Dairy,229.08,38.09,1,11,4,45,177.15,191.56,187.98,185.5633333333334,183.0533333333333
2028-11-19,Product_C,Dairy,231.71,29.03,1,11,4,46,229.08,177.15,191.56,199.2633333333334,190.6833333333333
2028-11-26,Product_C,Dairy,171.34,36.85,0,11,4,47,231.71,229.08,177.15,212.64666666666673,200.86166666666668
2028-12-03,Product_C,Dairy,181.0,82.9,0,12,4,48,171.34,231.71,229.08,210.71000000000006,198.13666666666666
2028-12-10,Product_C,Dairy,205.45,39.76,0,12,4,49,181.0,171.34,231.71,194.6833333333334,196.97333333333333
2028-12-17,Product_C,Dairy,203.49,39.03,0,12,4,50,205.45,181.0,171.34,185.93000000000006,199.28833333333333
2028-12-24,Product_C,Dairy,247.99,73.74,1,12,4,51,203.49,205.45,181.0,196.64666666666673,203.67833333333337
2028-12-31,Product_C,Dairy,246.29,20.29,1,12,4,52,247.99,203.49,205.45,218.97666666666672,206.83
2029-01-07,Product_C,Dairy,226.07,29.26,0,1,1,1,246.29,247.99,203.49,232.59000000000006,209.26
2029-01-14,Product_C,Dairy,270.94,86.66,1,1,1,2,226.07,246.29,247.99,240.1166666666667,218.38166666666666
2029-01-21,Product_C,Dairy,214.63,79.47,0,1,1,3,270.94,226.07,246.29,247.76666666666674,233.37166666666667
2029-01-28,Product_C,Dairy,259.96,53.38,1,1,1,4,214.63,270.94,226.07,237.2133333333334,234.90166666666664
2029-02-04,Product_C,Dairy,217.95,85.11,0,2,1,5,259.96,214.63,270.94,248.51000000000008,244.3133333333333
2029-02-11,Product_C,Dairy,234.89,36.67,0,2,1,6,217.95,259.96,214.63,230.84666666666672,239.30666666666664
2029-02-18,Product_C,Dairy,215.0,44.5,0,2,1,7,234.89,217.95,259.96,237.60000000000005,237.40666666666667
2029-02-25,Product_C,Dairy,236.66,27.57,0,2,1,8,215.0,234.89,217.95,222.61333333333337,235.56166666666664
2029-03-04,Product_C,Dairy,240.31,52.75,0,3,1,9,236.66,215.0,234.89,228.85000000000005,229.84833333333333
2029-03-11,Product_C,Dairy,248.87,26.68,0,3,1,10,240.31,236.66,215.0,230.65666666666675,234.12833333333333
2029-03-18,Product_C,Dairy,224.08,21.56,0,3,1,11,248.87,240.31,236.66,241.94666666666674,232.28
2029-03-25,Product_C,Dairy,259.0,35.55,1,3,1,12,224.08,248.87,240.31,237.75333333333342,233.30166666666665
2029-04-01,Product_C,Dairy,215.49,86.52,0,4,2,13,259.0,224.08,248.87,243.98333333333343,237.32000000000002
2029-04-08,Product_C,Dairy,274.36,44.42,1,4,2,14,215.49,259.0,224.08,232.8566666666667,237.40166666666667
2029-04-15,Product_C,Dairy,230.67,25.59,0,4,2,15,274.36,215.49,259.0,249.61666666666676,243.68500000000003
2029-04-22,Product_C,Dairy,234.67,43.62,0,4,2,16,230.67,274.36,215.49,240.1733333333334,242.07833333333335
2029-04-29,Product_C,Dairy,217.27,40.69,0,4,2,17,234.67,230.67,274.36,246.56666666666675,239.71166666666667
2029-05-06,Product_C,Dairy,262.27,85.35,1,5,2,18,217.27,234.67,230.67,227.53666666666675,238.57666666666668
2029-05-13,Product_C,Dairy,227.04,81.56,0,5,2,19,262.27,217.27,234.67,238.07000000000008,239.12166666666667
2029-05-20,Product_C,Dairy,273.65,40.11,1,5,2,20,227.04,262.27,217.27,235.52666666666676,241.04666666666665
2029-05-27,Product_C,Dairy,204.81,62.67,0,5,2,21,273.65,227.04,262.27,254.32000000000008,240.92833333333328
2029-06-03,Product_C,Dairy,195.25,76.08,0,6,2,22,204.81,273.65,227.04,235.16666666666674,236.61833333333334
2029-06-10,Product_C,Dairy,205.39,24.92,0,6,2,23,195.25,204.81,273.65,224.57000000000008,230.04833333333332
2029-06-17,Product_C,Dairy,194.69,63.21,0,6,2,24,205.39,195.25,204.81,201.81666666666675,228.0683333333333
2029-06-24,Product_C,Dairy,216.46,67.21,0,6,2,25,194.69,205.39,195.25,198.44333333333347,216.80499999999998
2029-07-01,Product_C,Dairy,187.72,50.18,0,7,3,26,216.46,194.69,205.39,205.51333333333343,215.04166666666666
2029-07-08,Product_C,Dairy,215.38,28.51,0,7,3,27,187.72,216.46,194.69,199.62333333333345,200.72
2029-07-15,Product_C,Dairy,220.62,66.75,1,7,3,28,215.38,187.72,216.46,206.52000000000012,202.48166666666668
2029-07-22,Product_C,Dairy,183.96,19.18,0,7,3,29,220.62,215.38,187.72,207.90666666666675,206.71
2029-07-29,Product_C,Dairy,208.61,21.04,0,7,3,30,183.96,220.62,215.38,206.65333333333345,203.13833333333332
2020-01-26,Product_D,Personal_Care,248.07,56.55,0,1,1,4,234.8,278.74,282.05,265.19666666666666,265.19666666666666
2020-02-02,Product_D,Personal_Care,224.58,29.66,0,2,1,5,248.07,234.8,278.74,253.86999999999998,260.915
2020-02-09,Product_D,Personal_Care,216.13,40.41,0,2,1,6,224.58,248.07,234.8,235.8166666666667,253.648
2020-02-16,Product_D,Personal_Care,246.1,70.34,0,2,1,7,216.13,224.58,248.07,229.59333333333333,247.395
2020-02-23,Product_D,Personal_Care,299.31,34.28,1,2,1,8,246.1,216.13,224.58,228.93666666666664,241.40333333333334
2020-03-01,Product_D,Personal_Care,250.28,32.02,0,3,1,9,299.31,246.1,216.13,253.84666666666666,244.83166666666668
2020-03-08,Product_D,Personal_Care,246.26,40.66,0,3,1,10,250.28,299.31,246.1,265.22999999999996,247.41166666666666
2020-03-15,Product_D,Personal_Care,207.89,48.36,0,3,1,11,246.26,250.28,299.31,265.2833333333333,247.10999999999999
2020-03-22,Product_D,Personal_Care,236.97,57.67,0,3,1,12,207.89,246.26,250.28,234.80999999999997,244.32833333333335
2020-03-29,Product_D,Personal_Care,222.67,75.89,0,3,1,13,236.97,207.89,246.26,230.37333333333333,247.80166666666665
2020-04-05,Product_D,Personal_Care,209.68,42.24,0,4,2,14,222.67,236.97,207.89,222.51,243.89666666666665
2020-04-12,Product_D,Personal_Care,249.77,85.57,0,4,2,15,209.68,222.67,236.97,223.10666666666668,228.95833333333334
2020-04-19,Product_D,Personal_Care,241.13,78.38,0,4,2,16,249.77,209.68,222.67,227.37333333333333,228.87333333333333
2020-04-26,Product_D,Personal_Care,270.85,18.84,0,4,2,17,241.13,249.77,209.68,233.52666666666667,228.01833333333335
2020-05-03,Product_D,Personal_Care,205.55,71.17,0,5,2,18,270.85,241.13,249.77,253.91666666666666,238.51166666666666
2020-05-10,Product_D,Personal_Care,231.31,62.61,0,5,2,19,205.55,270.85,241.13,239.17666666666665,233.275
2020-05-17,Product_D,Personal_Care,219.1,30.3,0,5,2,20,231.31,205.55,270.85,235.90333333333334,234.71500000000003
2020-05-24,Product_D,Personal_Care,197.23,71.15,0,5,2,21,219.1,231.31,205.55,218.65333333333334,236.285
2020-05-31,Product_D,Personal_Care,219.61,68.63,0,5,2,22,197.23,219.1,231.31,215.88,227.52833333333334
2020-06-07,Product_D,Personal_Care,224.63,47.03,0,6,2,23,219.61,197.23,219.1,211.98000000000002,223.9416666666667
2020-06-14,Product_D,Personal_Care,203.91,68.05,0,6,2,24,224.63,219.61,197.23,213.82333333333335,216.23833333333334
2020-06-21,Product_D,Personal_Care,205.75,48.5,0,6,2,25,203.91,224.63,219.61,216.04999999999998,215.96500000000003
2020-06-28,Product_D,Personal_Care,267.33,17.94,1,6,2,26,205.75,203.91,224.63,211.42999999999998,211.705
2020-07-05,Product_D,Personal_Care,212.07,33.18,0,7,3,27,267.33,205.75,203.91,225.66333333333333,219.74333333333334
2020-07-12,Product_D,Personal_Care,206.16,26.49,0,7,3,28,212.07,267.33,205.75,228.38333333333335,222.21666666666667
2020-07-19,Product_D,Personal_Care,204.4,60.02,0,7,3,29,206.16,212.07,267.33,228.52,219.97500000000002
2020-07-26,Product_D,Personal_Care,203.03,58.02,0,7,3,30,204.4,206.16,212.07,207.54333333333332,216.60333333333332
2020-08-02,Product_D,Personal_Care,172.53,63.63,0,8,3,31,203.03,204.4,206.16,204.53,216.45666666666668
2020-08-09,Product_D,Personal_Care,167.05,59.8,0,8,3,32,172.53,203.03,204.4,193.32000000000002,210.92
