sales_data.csv
date,product,category,demand,price,promotion_flag,month,quarter,week_of_year,lag_1,lag_2,lag_3,rolling_mean_3,rolling_mean_6
2023-09-17,Product_D,Personal_Care,175.17,58.3,0,9,3,37,188.95,250.01,200.4,213.11999999999998,203.98666666666668
2023-09-24,Product_D,Personal_Care,182.08,49.38,0,9,3,38,175.17,188.95,250.01,204.70999999999995,196.9383333333333
2023-10-01,Product_D,Personal_Care,202.24,21.11,0,10,4,39,182.08,175.17,188.95,182.06666666666663,197.45166666666668
2023-10-08,Product_D,Personal_Care,181.04,36.95,0,10,4,40,202.24,182.08,175.17,186.49666666666664,199.80833333333337
2023-10-15,Product_D,Personal_Care,190.61,74.63,0,10,4,41,181.04,202.24,182.08,188.4533333333333,196.58166666666668
2023-10-22,Product_D,Personal_Care,220.03,22.82,1,10,4,42,190.61,181.04,202.24,191.29666666666662,186.68166666666664
2023-10-29,Product_D,Personal_Care,277.86,63.72,1,10,4,43,220.03,190.61,181.04,197.2266666666666,191.86166666666668
2023-11-05,Product_D,Personal_Care,189.95,77.11,0,11,4,44,277.86,220.03,190.61,229.49999999999997,208.9766666666667
2023-11-12,Product_D,Personal_Care,272.95,18.7,1,11,4,45,189.95,277.86,220.03,229.27999999999997,210.28833333333333
2023-11-19,Product_D,Personal_Care,202.8,25.17,0,11,4,46,272.95,189.95,277.86,246.91999999999996,222.07333333333335
2023-11-26,Product_D,Personal_Care,182.48,60.78,0,11,4,47,202.8,272.95,189.95,221.89999999999995,225.70000000000002
2023-12-03,Product_D,Personal_Care,224.24,68.28,0,12,4,48,182.48,202.8,272.95,219.40999999999997,224.345
2023-12-10,Product_D,Personal_Care,212.46,62.93,0,12,4,49,224.24,182.48,202.8,203.1733333333333,225.04666666666665
2023-12-17,Product_D,Personal_Care,200.15,89.83,0,12,4,50,212.46,224.24,182.48,206.3933333333333,214.14666666666668
2023-12-24,Product_D,Personal_Care,217.5,16.85,0,12,4,51,200.15,212.46,224.24,212.2833333333333,215.8466666666667
2023-12-31,Product_D,Personal_Care,226.79,69.4,0,12,4,52,217.5,200.15,212.46,210.03666666666663,206.60500000000002
2024-01-07,Product_D,Personal_Care,263.57,24.63,0,1,1,1,226.79,217.5,200.15,214.81333333333328,210.60333333333335
2024-01-14,Product_D,Personal_Care,229.2,88.69,0,1,1,2,263.57,226.79,217.5,235.9533333333333,224.11833333333334
2024-01-21,Product_D,Personal_Care,310.88,42.17,1,1,1,3,229.2,263.57,226.79,239.85333333333332,224.94500000000002
2024-01-28,Product_D,Personal_Care,226.26,67.61,0,1,1,4,310.88,229.2,263.57,267.88333333333327,241.34833333333333
2024-02-04,Product_D,Personal_Care,252.13,50.18,0,2,1,5,226.26,310.88,229.2,255.44666666666663,245.69999999999996
2024-02-11,Product_D,Personal_Care,253.96,63.08,0,2,1,6,252.13,226.26,310.88,263.09,251.47166666666666
2024-02-18,Product_D,Personal_Care,268.77,87.94,1,2,1,7,253.96,252.13,226.26,244.11666666666665,256.0
2024-02-25,Product_D,Personal_Care,274.24,50.84,0,2,1,8,268.77,253.96,252.13,258.28666666666663,256.8666666666666
2024-03-03,Product_D,Personal_Care,236.47,68.65,0,3,1,9,274.24,268.77,253.96,265.65666666666664,264.3733333333333
2024-03-10,Product_D,Personal_Care,266.17,38.68,0,3,1,10,236.47,274.24,268.77,259.82666666666665,251.97166666666666
2024-03-17,Product_D,Personal_Care,297.56,59.83,1,3,1,11,266.17,236.47,274.24,258.96,258.62333333333333
2024-03-24,Product_D,Personal_Care,222.72,81.81,0,3,1,12,297.56,266.17,236.47,266.7333333333333,266.195
2024-03-31,Product_D,Personal_Care,275.0,65.31,1,3,1,13,222.72,297.56,266.17,262.1499999999999,260.9883333333333
2024-04-07,Product_D,Personal_Care,276.07,33.35,0,4,2,14,275.0,222.72,297.56,265.0933333333333,262.02666666666664
2024-04-14,Product_D,Personal_Care,253.91,33.24,0,4,2,15,276.07,275.0,222.72,257.92999999999995,262.33166666666665
2024-04-21,Product_D,Personal_Care,267.64,29.44,0,4,2,16,253.91,276.07,275.0,268.3266666666666,265.23833333333334
2024-04-28,Product_D,Personal_Care,312.48,78.28,1,4,2,17,267.64,253.91,276.07,265.8733333333333,265.48333333333335
2024-05-05,Product_D,Personal_Care,230.88,40.68,0,5,2,18,312.48,267.64,253.91,278.00999999999993,267.97
2024-05-12,Product_D,Personal_Care,241.53,58.68,0,5,2,19,230.88,312.48,267.64,270.33333333333326,269.33
2024-05-19,Product_D,Personal_Care,265.16,29.12,0,5,2,20,241.53,230.88,312.48,261.62999999999994,263.75166666666667
2024-05-26,Product_D,Personal_Care,309.72,18.68,1,5,2,21,265.16,241.53,230.88,245.8566666666666,261.93333333333334
2024-06-02,Product_D,Personal_Care,201.47,76.46,0,6,2,22,309.72,265.16,241.53,272.1366666666666,271.235
2024-06-09,Product_D,Personal_Care,209.06,35.57,0,6,2,23,201.47,309.72,265.16,258.7833333333333,260.20666666666665
2024-06-16,Product_D,Personal_Care,294.33,70.14,1,6,2,24,209.06,201.47,309.72,240.08333333333326,242.97000000000003
2024-06-23,Product_D,Personal_Care,250.71,65.64,0,6,2,25,294.33,209.06,201.47,234.95333333333326,253.545
2024-06-30,Product_D,Personal_Care,241.45,41.44,0,6,2,26,250.71,294.33,209.06,251.3666666666666,255.07500000000002
2024-07-07,Product_D,Personal_Care,213.2,62.13,0,7,3,27,241.45,250.71,294.33,262.16333333333324,251.12333333333333
2024-07-14,Product_D,Personal_Care,221.63,22.92,0,7,3,28,213.2,241.45,250.71,235.11999999999992,235.03666666666666
2024-07-21,Product_D,Personal_Care,223.83,73.61,0,7,3,29,221.63,213.2,241.45,225.4266666666666,238.39666666666665
2024-07-28,Product_D,Personal_Care,196.04,77.58,0,7,3,30,223.83,221.63,213.2,219.55333333333328,240.85833333333335
2024-08-04,Product_D,Personal_Care,212.55,38.56,0,8,3,31,196.04,223.83,221.63,213.83333333333326,224.4766666666667
2024-08-11,Product_D,Personal_Care,187.85,17.51,0,8,3,32,212.55,196.04,223.83,210.8066666666666,218.11666666666667
2024-08-18,Product_D,Personal_Care,208.06,28.19,0,8,3,33,187.85,212.55,196.04,198.81333333333328,209.1833333333333
2024-08-25,Product_D,Personal_Care,204.24,52.08,0,8,3,34,208.06,187.85,212.55,202.81999999999994,208.32666666666668
2024-09-01,Product_D,Personal_Care,176.7,83.38,0,9,3,35,204.24,208.06,187.85,200.04999999999993,205.42833333333337
2024-09-08,Product_D,Personal_Care,236.58,63.44,1,9,3,36,176.7,204.24,208.06,196.33333333333326,197.57333333333335
2024-09-15,Product_D,Personal_Care,184.65,59.53,0,9,3,37,236.58,176.7,204.24,205.83999999999992,204.33
2024-09-22,Product_D,Personal_Care,163.71,38.21,0,9,3,38,184.65,236.58,176.7,199.30999999999995,199.67999999999998
2024-09-29,Product_D,Personal_Care,179.14,36.92,0,9,3,39,163.71,184.65,236.58,194.97999999999993,195.65666666666667
2024-10-06,Product_D,Personal_Care,176.48,41.59,0,10,4,40,179.14,163.71,184.65,175.83333333333326,190.83666666666667
2024-10-13,Product_D,Personal_Care,208.97,34.93,0,10,4,41,176.48,179.14,163.71,173.1099999999999,186.21
2024-10-20,Product_D,Personal_Care,216.36,22.76,0,10,4,42,208.97,176.48,179.14,188.19666666666657,191.58833333333334
2024-10-27,Product_D,Personal_Care,248.69,87.62,1,10,4,43,216.36,208.97,176.48,200.60333333333324,188.21833333333333
2024-11-03,Product_D,Personal_Care,183.9,85.93,0,11,4,44,248.69,216.36,208.97,224.67333333333326,198.89166666666665
2024-11-10,Product_D,Personal_Care,230.59,37.78,0,11,4,45,183.9,248.69,216.36,216.3166666666666,202.25666666666666
2024-11-17,Product_D,Personal_Care,269.63,25.79,1,11,4,46,230.59,183.9,248.69,221.05999999999992,210.83166666666668
2024-11-24,Product_D,Personal_Care,203.44,25.6,0,11,4,47,269.63,230.59,183.9,228.03999999999994,226.35666666666668
2024-12-01,Product_D,Personal_Care,272.15,63.26,1,12,4,48,203.44,269.63,230.59,234.55333333333326,225.43500000000003
2024-12-08,Product_D,Personal_Care,243.28,55.3,0,12,4,49,272.15,203.44,269.63,248.40666666666655,234.73333333333332
2024-12-15,Product_D,Personal_Care,202.72,66.2,0,12,4,50,243.28,272.15,203.44,239.62333333333322,233.83166666666668
2024-12-22,Product_D,Personal_Care,295.19,49.17,1,12,4,51,202.72,243.28,272.15,239.3833333333332,236.96833333333333
2024-12-29,Product_D,Personal_Care,234.09,57.71,0,12,4,52,295.19,202.72,243.28,247.06333333333325,247.735
2025-01-05,Product_D,Personal_Care,221.73,88.5,0,1,1,1,234.09,295.19,202.72,243.99999999999991,241.81166666666664
2025-01-12,Product_D,Personal_Care,252.27,66.5,0,1,1,2,221.73,234.09,295.19,250.3366666666666,244.85999999999999
2025-01-19,Product_D,Personal_Care,284.33,73.55,1,1,1,3,252.27,221.73,234.09,236.0299999999999,241.54666666666665
2025-01-26,Product_D,Personal_Care,230.67,43.71,0,1,1,4,284.33,252.27,221.73,252.77666666666656,248.38833333333332
2025-02-02,Product_D,Personal_Care,290.16,38.28,0,2,1,5,230.67,284.33,252.27,255.75666666666655,253.04666666666665
2025-02-09,Product_D,Personal_Care,254.26,85.21,0,2,1,6,290.16,230.67,284.33,268.3866666666666,252.20833333333334
2025-02-16,Product_D,Personal_Care,273.92,20.05,0,2,1,7,254.26,290.16,230.67,258.3633333333333,255.57000000000002
2025-02-23,Product_D,Personal_Care,270.62,83.42,0,2,1,8,273.92,254.26,290.16,272.78,264.2683333333334
2025-03-02,Product_D,Personal_Care,270.21,68.95,0,3,1,9,270.62,273.92,254.26,266.2666666666666,267.32666666666665
2025-03-09,Product_D,Personal_Care,303.33,43.15,1,3,1,10,270.21,270.62,273.92,271.58333333333326,264.97333333333336
2025-03-16,Product_D,Personal_Care,272.07,32.63,0,3,1,11,303.33,270.21,270.62,281.38666666666654,277.0833333333333
2025-03-23,Product_D,Personal_Care,249.61,45.39,0,3,1,12,272.07,303.33,270.21,281.86999999999995,274.0683333333333
2025-03-30,Product_D,Personal_Care,312.41,83.22,1,3,1,13,249.61,272.07,303.33,275.0033333333333,273.29333333333335
2025-04-06,Product_D,Personal_Care,264.51,76.48,0,4,2,14,312.41,249.61,272.07,278.03,279.7083333333333
2025-04-13,Product_D,Personal_Care,230.73,83.69,0,4,2,15,264.51,312.41,249.61,275.50999999999993,278.69
2025-04-20,Product_D,Personal_Care,242.82,74.63,0,4,2,16,230.73,264.51,312.41,269.2166666666666,272.11
2025-04-27,Product_D,Personal_Care,247.08,76.2,0,4,2,17,242.82,230.73,264.51,246.0199999999999,262.02500000000003
2025-05-04,Product_D,Personal_Care,235.21,21.63,0,5,2,18,247.08,242.82,230.73,240.20999999999992,257.85999999999996
2025-05-11,Product_D,Personal_Care,319.62,88.96,1,5,2,19,235.21,247.08,242.82,241.70333333333326,255.46
2025-05-18,Product_D,Personal_Care,253.1,36.11,0,5,2,20,319.62,235.21,247.08,267.3033333333333,256.66166666666663
2025-05-25,Product_D,Personal_Care,230.75,52.26,0,5,2,21,253.1,319.62,235.21,269.30999999999995,254.76
2025-06-01,Product_D,Personal_Care,246.18,48.44,0,6,2,22,230.75,253.1,319.62,267.82333333333327,254.76333333333332
2025-06-08,Product_D,Personal_Care,301.27,42.09,1,6,2,23,246.18,230.75,253.1,243.34333333333325,255.32333333333335
2025-06-15,Product_D,Personal_Care,246.05,20.3,0,6,2,24,301.27,246.18,230.75,259.3999999999999,264.355
2025-06-22,Product_D,Personal_Care,196.71,50.59,0,6,2,25,246.05,301.27,246.18,264.49999999999994,266.1616666666667
2025-06-29,Product_D,Personal_Care,237.52,47.41,0,6,2,26,196.71,246.05,301.27,248.0099999999999,245.67666666666665
2025-07-06,Product_D,Personal_Care,235.18,45.82,0,7,3,27,237.52,196.71,246.05,226.7599999999999,243.08
2025-07-13,Product_D,Personal_Care,194.16,62.25,0,7,3,28,235.18,237.52,196.71,223.13666666666663,243.8183333333333
2025-07-20,Product_D,Personal_Care,273.65,16.25,1,7,3,29,194.16,235.18,237.52,222.2866666666666,235.1483333333333
2025-07-27,Product_D,Personal_Care,229.08,32.74,0,7,3,30,273.65,194.16,235.18,234.32999999999993,230.545
2025-08-03,Product_D,Personal_Care,188.54,52.95,0,8,3,31,229.08,273.65,194.16,232.2966666666666,227.71666666666667
2025-08-10,Product_D,Personal_Care,270.24,86.98,1,8,3,32,188.54,229.08,273.65,230.42333333333326,226.355
2025-08-17,Product_D,Personal_Care,258.06,15.65,1,8,3,33,270.24,188.54,229.08,229.28666666666663,231.8083333333333
2025-08-24,Product_D,Personal_Care,272.84,59.0,1,8,3,34,258.06,270.24,188.54,238.9466666666666,235.62166666666667
2025-08-31,Product_D,Personal_Care,214.65,46.7,1,8,3,35,272.84,258.06,270.24,267.0466666666666,248.73499999999999
2025-09-07,Product_D,Personal_Care,184.97,48.2,0,9,3,36,214.65,272.84,258.06,248.51666666666662,238.90166666666664
2025-09-14,Product_D,Personal_Care,207.86,59.13,0,9,3,37,184.97,214.65,272.84,224.15333333333328,231.54999999999998
2025-09-21,Product_D,Personal_Care,219.53,32.75,0,9,3,38,207.86,184.97,214.65,202.49333333333325,234.76999999999998
2025-09-28,Product_D,Personal_Care,208.88,34.37,0,9,3,39,219.53,207.86,184.97,204.11999999999998,226.31833333333336
2025-10-05,Product_D,Personal_Care,188.66,65.2,0,10,4,40,208.88,219.53,207.86,212.08999999999995,218.12166666666667
2025-10-12,Product_D,Personal_Care,155.12,62.01,0,10,4,41,188.66,208.88,219.53,205.68999999999994,204.09166666666667
2025-10-19,Product_D,Personal_Care,162.1,89.67,0,10,4,42,155.12,188.66,208.88,184.21999999999994,194.17
2025-10-26,Product_D,Personal_Care,151.1,83.76,0,10,4,43,162.1,155.12,188.66,168.62666666666664,190.35833333333335
2025-11-02,Product_D,Personal_Care,225.43,48.83,0,11,4,44,151.1,162.1,155.12,156.1066666666666,180.8983333333333
2025-11-09,Product_D,Personal_Care,245.44,29.42,0,11,4,45,225.43,151.1,162.1,179.5433333333333,181.88166666666666
2025-11-16,Product_D,Personal_Care,215.79,33.44,0,11,4,46,245.44,225.43,151.1,207.32333333333327,187.975
2025-11-23,Product_D,Personal_Care,223.96,54.98,0,11,4,47,215.79,245.44,225.43,228.88666666666663,192.49666666666667
2025-11-30,Product_D,Personal_Care,209.35,55.72,0,11,4,48,223.96,215.79,245.44,228.39666666666662,203.97000000000003
2025-12-07,Product_D,Personal_Care,269.8,61.72,1,12,4,49,209.35,223.96,215.79,216.3666666666666,211.845
2025-12-14,Product_D,Personal_Care,217.75,73.35,0,12,4,50,269.8,209.35,223.96,234.36999999999998,231.62833333333333
2025-12-21,Product_D,Personal_Care,216.5,84.49,0,12,4,51,217.75,269.8,209.35,232.29999999999995,230.34833333333333
2025-12-28,Product_D,Personal_Care,220.17,46.42,0,12,4,52,216.5,217.75,269.8,234.68333333333328,225.525
2026-01-04,Product_D,Personal_Care,245.84,64.98,0,1,1,1,220.17,216.5,217.75,218.13999999999996,226.255
2026-01-11,Product_D,Personal_Care,254.28,58.94,0,1,1,2,245.84,220.17,216.5,227.5033333333333,229.90166666666667
2026-01-18,Product_D,Personal_Care,228.25,68.82,0,1,1,3,254.28,245.84,220.17,240.0966666666666,237.39
2026-01-25,Product_D,Personal_Care,258.67,65.51,0,1,1,4,228.25,254.28,245.84,242.78999999999996,230.465
2026-02-01,Product_D,Personal_Care,322.85,39.82,1,2,1,5,258.67,228.25,254.28,247.06666666666663,237.285
2026-02-08,Product_D,Personal_Care,274.4,89.1,0,2,1,6,322.85,258.67,228.25,269.92333333333335,255.01
2026-02-15,Product_D,Personal_Care,255.6,30.91,0,2,1,7,274.4,322.85,258.67,285.3066666666667,264.04833333333335
2026-02-22,Product_D,Personal_Care,242.92,36.1,0,2,1,8,255.6,274.4,322.85,284.2833333333333,265.675
2026-03-01,Product_D,Personal_Care,306.01,80.95,1,3,1,9,242.92,255.6,274.4,257.63999999999993,263.7816666666667
2026-03-08,Product_D,Personal_Care,283.26,40.62,0,3,1,10,306.01,242.92,255.6,268.1766666666666,276.7416666666667
2026-03-15,Product_D,Personal_Care,335.21,26.97,1,3,1,11,283.26,306.01,242.92,277.3966666666666,280.84
2026-03-22,Product_D,Personal_Care,265.56,61.22,0,3,1,12,335.21,283.26,306.01,308.1599999999999,282.90000000000003
2026-03-29,Product_D,Personal_Care,261.11,42.65,0,3,1,13,265.56,335.21,283.26,294.6766666666666,281.4266666666667
2026-04-05,Product_D,Personal_Care,264.6,75.82,0,4,2,14,261.11,265.56,335.21,287.2933333333333,282.345
2026-04-12,Product_D,Personal_Care,254.53,72.89,0,4,2,15,264.6,261.11,265.56,263.7566666666666,285.9583333333333
2026-04-19,Product_D,Personal_Care,244.87,82.31,0,4,2,16,254.53,264.6,261.11,260.08,277.37833333333333
2026-04-26,Product_D,Personal_Care,264.33,78.76,0,4,2,17,244.87,254.53,264.6,254.66666666666663,270.98
2026-05-03,Product_D,Personal_Care,278.08,86.42,0,5,2,18,264.33,244.87,254.53,254.57666666666663,259.1666666666667
2026-05-10,Product_D,Personal_Care,277.15,16.27,0,5,2,19,278.08,264.33,244.87,262.4266666666667,261.25333333333333
2026-05-17,Product_D,Personal_Care,269.61,18.34,0,5,2,20,277.15,278.08,264.33,273.18666666666667,263.9266666666667
2026-05-24,Product_D,Personal_Care,245.69,76.7,0,5,2,21,269.61,277.15,278.08,274.94666666666666,264.76166666666666
2026-05-31,Product_D,Personal_Care,303.06,55.65,1,5,2,22,245.69,269.61,277.15,264.15,263.28833333333336
2026-06-07,Product_D,Personal_Care,236.39,66.33,1,6,2,23,303.06,245.69,269.61,272.78666666666663,272.9866666666666
2026-06-14,Product_D,Personal_Care,210.47,72.39,0,6,2,24,236.39,303.06,245.69,261.7133333333333,268.33
2026-06-21,Product_D,Personal_Care,239.21,27.93,0,6,2,25,210.47,236.39,303.06,249.97333333333327,257.06166666666667
2026-06-28,Product_D,Personal_Care,219.62,60.98,0,6,2,26,239.21,210.47,236.39,228.68999999999997,250.73833333333332
2026-07-05,Product_D,Personal_Care,222.65,33.99,0,7,3,27,219.62,239.21,210.47,223.1,242.40666666666667
2026-07-12,Product_D,Personal_Care,211.64,76.34,0,7,3,28,222.65,219.62,239.21,227.15999999999997,238.5666666666667
2026-07-19,Product_D,Personal_Care,219.29,71.51,0,7,3,29,211.64,222.65,219.62,217.96999999999994,223.33
2026-07-26,Product_D,Personal_Care,258.48,56.02,1,7,3,30,219.29,211.64,222.65,217.85999999999999,220.48
2026-08-02,Product_D,Personal_Care,200.62,79.0,0,8,3,31,258.48,219.29,211.64,229.80333333333328,228.48166666666665
2026-08-09,Product_D,Personal_Care,209.7,22.44,0,8,3,32,200.62,258.48,219.29,226.12999999999997,222.04999999999998
2026-08-16,Product_D,Personal_Care,206.59,24.67,0,8,3,33,209.7,200.62,258.48,222.9333333333333,220.39666666666668
2026-08-23,Product_D,Personal_Care,190.4,22.59,0,8,3,34,206.59,209.7,200.62,205.63666666666663,217.72
2026-08-30,Product_D,Personal_Care,230.78,32.53,0,8,3,35,190.4,206.59,209.7,202.22999999999993,214.17999999999998
2026-09-06,Product_D,Personal_Care,217.02,32.68,0,9,3,36,230.78,190.4,206.59,209.25666666666663,216.09500000000003
2026-09-13,Product_D,Personal_Care,255.84,79.99,1,9,3,37,217.02,230.78,190.4,212.73333333333326,209.18500000000003
2026-09-20,Product_D,Personal_Care,190.65,24.53,0,9,3,38,255.84,217.02,230.78,234.54666666666662,218.38833333333332
2026-09-27,Product_D,Personal_Care,193.21,71.92,0,9,3,39,190.65,255.84,217.02,221.17,215.21333333333337
