sales_data.csv
date,product,category,demand,price,promotion_flag,month,quarter,week_of_year,lag_1,lag_2,lag_3,rolling_mean_3,rolling_mean_6
2026-10-04,Product_D,Personal_Care,271.28,52.96,1,10,4,40,193.21,190.65,255.84,213.23333333333332,212.98333333333335
2026-10-11,Product_D,Personal_Care,208.82,44.56,0,10,4,41,271.28,193.21,190.65,218.37999999999997,226.46333333333328
2026-10-18,Product_D,Personal_Care,189.88,51.97,0,10,4,42,208.82,271.28,193.21,224.43666666666664,222.8033333333333
2026-10-25,Product_D,Personal_Care,151.55,77.4,0,10,4,43,189.88,208.82,271.28,223.3266666666666,218.27999999999997
2026-11-01,Product_D,Personal_Care,264.41,40.0,0,11,4,44,151.55,189.88,208.82,183.41666666666663,200.8983333333333
2026-11-08,Product_D,Personal_Care,208.72,74.55,0,11,4,45,264.41,151.55,189.88,201.94666666666663,213.19166666666663
2026-11-15,Product_D,Personal_Care,218.04,40.05,0,11,4,46,208.72,264.41,151.55,208.22666666666666,215.77666666666664
2026-11-22,Product_D,Personal_Care,216.59,37.88,0,11,4,47,218.04,208.72,264.41,230.38999999999996,206.90333333333334
2026-11-29,Product_D,Personal_Care,282.4,49.55,1,11,4,48,216.59,218.04,208.72,214.44999999999996,208.19833333333335
2026-12-06,Product_D,Personal_Care,208.42,41.74,0,12,4,49,282.4,216.59,218.04,239.00999999999996,223.61833333333334
2026-12-13,Product_D,Personal_Care,205.62,87.41,0,12,4,50,208.42,282.4,216.59,235.80333333333328,233.09666666666666
2026-12-20,Product_D,Personal_Care,225.81,49.33,0,12,4,51,205.62,208.42,282.4,232.14666666666662,223.29833333333332
2026-12-27,Product_D,Personal_Care,263.49,30.45,0,12,4,52,225.81,205.62,208.42,213.2833333333333,226.14666666666665
2027-01-03,Product_D,Personal_Care,244.92,57.28,0,1,1,53,263.49,225.81,205.62,231.64,233.72166666666666
2027-01-10,Product_D,Personal_Care,252.85,70.65,0,1,1,1,244.92,263.49,225.81,244.73999999999998,238.44333333333336
2027-01-17,Product_D,Personal_Care,244.74,69.2,0,1,1,2,252.85,244.92,263.49,253.7533333333333,233.51833333333335
2027-01-24,Product_D,Personal_Care,242.77,82.94,0,1,1,3,244.74,252.85,244.92,247.5033333333333,239.5716666666667
2027-01-31,Product_D,Personal_Care,257.9,21.15,0,1,1,4,242.77,244.74,252.85,246.78666666666663,245.76333333333332
2027-02-07,Product_D,Personal_Care,255.77,85.78,0,2,1,5,257.9,242.77,244.74,248.46999999999994,251.11166666666668
2027-02-14,Product_D,Personal_Care,268.01,55.86,0,2,1,6,255.77,257.9,242.77,252.14666666666662,249.82500000000002
2027-02-21,Product_D,Personal_Care,274.8,67.68,0,2,1,7,268.01,255.77,257.9,260.55999999999995,253.67333333333332
2027-02-28,Product_D,Personal_Care,309.27,23.52,1,2,1,8,274.8,268.01,255.77,266.1933333333333,257.33166666666665
2027-03-07,Product_D,Personal_Care,324.48,89.96,1,3,1,9,309.27,274.8,268.01,284.02666666666664,268.08666666666664
2027-03-14,Product_D,Personal_Care,283.17,37.51,0,3,1,10,324.48,309.27,274.8,302.84999999999997,281.705
2027-03-21,Product_D,Personal_Care,349.8,36.35,1,3,1,11,283.17,324.48,309.27,305.64,285.9166666666667
2027-03-28,Product_D,Personal_Care,267.89,20.81,0,3,1,12,349.8,283.17,324.48,319.1499999999999,301.5883333333333
2027-04-04,Product_D,Personal_Care,338.71,22.67,1,4,2,13,267.89,349.8,283.17,300.28666666666663,301.5683333333333
2027-04-11,Product_D,Personal_Care,257.93,75.14,0,4,2,14,338.71,267.89,349.8,318.79999999999995,312.21999999999997
2027-04-18,Product_D,Personal_Care,259.8,42.12,0,4,2,15,257.93,338.71,267.89,288.1766666666667,303.66333333333336
2027-04-25,Product_D,Personal_Care,273.55,51.55,0,4,2,16,259.8,257.93,338.71,285.47999999999996,292.8833333333333
2027-05-02,Product_D,Personal_Care,263.77,85.96,0,5,2,17,273.55,259.8,257.93,263.76,291.28000000000003
2027-05-09,Product_D,Personal_Care,353.3,19.72,1,5,2,18,263.77,273.55,259.8,265.70666666666665,276.94166666666666
2027-05-16,Product_D,Personal_Care,276.27,17.44,0,5,2,19,353.3,263.77,273.55,296.8733333333333,291.1766666666667
2027-05-23,Product_D,Personal_Care,317.48,77.71,1,5,2,20,276.27,353.3,263.77,297.78,280.77
2027-05-30,Product_D,Personal_Care,302.4,37.59,1,5,2,21,317.48,276.27,353.3,315.68333333333334,290.695
2027-06-06,Product_D,Personal_Care,217.24,51.67,0,6,2,22,302.4,317.48,276.27,298.71666666666664,297.795
2027-06-13,Product_D,Personal_Care,231.06,88.99,0,6,2,23,217.24,302.4,317.48,279.03999999999996,288.41
2027-06-20,Product_D,Personal_Care,278.65,77.73,1,6,2,24,231.06,217.24,302.4,250.23333333333326,282.9583333333333
2027-06-27,Product_D,Personal_Care,218.4,54.53,0,6,2,25,278.65,231.06,217.24,242.3166666666666,270.51666666666665
2027-07-04,Product_D,Personal_Care,228.64,38.91,0,7,3,26,218.4,278.65,231.06,242.7033333333333,260.8716666666666
2027-07-11,Product_D,Personal_Care,216.68,30.76,0,7,3,27,228.64,218.4,278.65,241.89666666666662,246.06500000000003
2027-07-18,Product_D,Personal_Care,298.36,25.92,1,7,3,28,216.68,228.64,218.4,221.23999999999998,231.77833333333334
2027-07-25,Product_D,Personal_Care,206.09,63.21,0,7,3,29,298.36,216.68,228.64,247.89333333333332,245.29833333333332
2027-08-01,Product_D,Personal_Care,210.8,78.16,0,8,3,30,206.09,298.36,216.68,240.37666666666667,241.13666666666666
2027-08-08,Product_D,Personal_Care,206.11,20.44,0,8,3,31,210.8,206.09,298.36,238.41666666666663,229.82833333333335
2027-08-15,Product_D,Personal_Care,232.03,63.77,0,8,3,32,206.11,210.8,206.09,207.66666666666663,227.78
2027-08-22,Product_D,Personal_Care,244.08,86.09,1,8,3,33,232.03,206.11,210.8,216.31333333333328,228.345
2027-08-29,Product_D,Personal_Care,199.85,18.84,0,8,3,34,244.08,232.03,206.11,227.40666666666664,232.91166666666666
2027-09-05,Product_D,Personal_Care,186.93,24.25,0,9,3,35,199.85,244.08,232.03,225.31999999999996,216.49333333333334
2027-09-12,Product_D,Personal_Care,183.02,75.24,0,9,3,36,186.93,199.85,244.08,210.28666666666663,213.30000000000004
2027-09-19,Product_D,Personal_Care,247.72,42.49,1,9,3,37,183.02,186.93,199.85,189.93333333333328,208.67
2027-09-26,Product_D,Personal_Care,196.48,68.04,0,9,3,38,247.72,183.02,186.93,205.88999999999996,215.60500000000002
2027-10-03,Product_D,Personal_Care,217.24,42.5,0,10,4,39,196.48,247.72,183.02,209.0733333333333,209.68000000000004
2027-10-10,Product_D,Personal_Care,243.9,88.95,1,10,4,40,217.24,196.48,247.72,220.48,205.20666666666668
2027-10-17,Product_D,Personal_Care,225.57,44.27,0,10,4,41,243.9,217.24,196.48,219.20666666666662,212.54833333333332
2027-10-24,Product_D,Personal_Care,219.39,28.09,0,10,4,42,225.57,243.9,217.24,228.90333333333328,218.98833333333334
2027-10-31,Product_D,Personal_Care,225.31,78.24,0,10,4,43,219.39,225.57,243.9,229.61999999999998,225.05000000000004
2027-11-07,Product_D,Personal_Care,235.62,82.05,0,11,4,44,225.31,219.39,225.57,223.4233333333333,221.31500000000003
2027-11-14,Product_D,Personal_Care,256.39,22.11,0,11,4,45,235.62,225.31,219.39,226.7733333333333,227.83833333333334
2027-11-21,Product_D,Personal_Care,225.96,60.5,0,11,4,46,256.39,235.62,225.31,239.10666666666665,234.36333333333334
2027-11-28,Product_D,Personal_Care,265.85,74.81,1,11,4,47,225.96,256.39,235.62,239.3233333333333,231.37333333333333
2027-12-05,Product_D,Personal_Care,249.7,28.05,0,12,4,48,265.85,225.96,256.39,249.39999999999998,238.08666666666667
2027-12-12,Product_D,Personal_Care,265.92,16.36,0,12,4,49,249.7,265.85,225.96,247.17,243.13833333333335
2027-12-19,Product_D,Personal_Care,203.26,64.76,0,12,4,50,265.92,249.7,265.85,260.48999999999995,249.90666666666667
2027-12-26,Product_D,Personal_Care,245.54,31.16,0,12,4,51,203.26,265.92,249.7,239.62666666666664,244.51333333333332
2028-01-02,Product_D,Personal_Care,283.23,22.3,0,1,1,52,245.54,203.26,265.92,238.23999999999998,242.705
2028-01-09,Product_D,Personal_Care,263.27,62.87,0,1,1,1,283.23,245.54,203.26,244.01,252.25
2028-01-16,Product_D,Personal_Care,307.8,56.21,1,1,1,2,263.27,283.23,245.54,264.0133333333333,251.82000000000002
2028-01-23,Product_D,Personal_Care,242.72,63.95,0,1,1,3,307.8,263.27,283.23,284.76666666666665,261.50333333333333
2028-01-30,Product_D,Personal_Care,242.22,29.62,0,1,1,4,242.72,307.8,263.27,271.2633333333333,257.63666666666666
2028-02-06,Product_D,Personal_Care,280.2,57.2,0,2,1,5,242.22,242.72,307.8,264.24666666666667,264.12999999999994
2028-02-13,Product_D,Personal_Care,282.94,57.66,0,2,1,6,280.2,242.22,242.72,255.04666666666662,269.90666666666664
2028-02-20,Product_D,Personal_Care,269.85,47.41,0,2,1,7,282.94,280.2,242.22,268.4533333333333,269.85833333333335
2028-02-27,Product_D,Personal_Care,334.27,44.21,1,2,1,8,269.85,282.94,280.2,277.6633333333333,270.955
2028-03-05,Product_D,Personal_Care,267.24,38.98,0,3,1,9,334.27,269.85,282.94,295.68666666666667,275.3666666666666
2028-03-12,Product_D,Personal_Care,273.94,38.36,0,3,1,10,267.24,334.27,269.85,290.4533333333333,279.4533333333333
2028-03-19,Product_D,Personal_Care,298.73,48.2,0,3,1,11,273.94,267.24,334.27,291.81666666666666,284.74
2028-03-26,Product_D,Personal_Care,274.01,48.23,0,3,1,12,298.73,273.94,267.24,279.97,287.8283333333333
2028-04-02,Product_D,Personal_Care,293.57,42.55,0,4,2,13,274.01,298.73,273.94,282.2266666666667,286.34
2028-04-09,Product_D,Personal_Care,271.26,54.32,0,4,2,14,293.57,274.01,298.73,288.77,290.29333333333335
2028-04-16,Product_D,Personal_Care,278.75,35.21,0,4,2,15,271.26,293.57,274.01,279.6133333333333,279.7916666666667
2028-04-23,Product_D,Personal_Care,266.38,58.29,0,4,2,16,278.75,271.26,293.57,281.1933333333333,281.71
2028-04-30,Product_D,Personal_Care,281.96,17.2,0,4,2,17,266.38,278.75,271.26,272.13,280.45
2028-05-07,Product_D,Personal_Care,297.65,41.96,0,5,2,18,281.96,266.38,278.75,275.69666666666666,277.65500000000003
2028-05-14,Product_D,Personal_Care,317.24,29.5,1,5,2,19,297.65,281.96,266.38,281.9966666666666,281.59499999999997
2028-05-21,Product_D,Personal_Care,275.45,18.95,0,5,2,20,317.24,297.65,281.96,298.95,285.54
2028-05-28,Product_D,Personal_Care,320.3,68.79,1,5,2,21,275.45,317.24,297.65,296.78,286.23833333333334
2028-06-04,Product_D,Personal_Care,285.34,70.86,0,6,2,22,320.3,275.45,317.24,304.33,293.1633333333333
2028-06-11,Product_D,Personal_Care,275.23,29.25,1,6,2,23,285.34,320.3,275.45,293.69666666666666,296.3233333333333
2028-06-18,Product_D,Personal_Care,234.35,63.39,0,6,2,24,275.23,285.34,320.3,293.6233333333333,295.20166666666665
2028-06-25,Product_D,Personal_Care,224.84,76.84,0,6,2,25,234.35,275.23,285.34,264.9733333333333,284.6516666666667
2028-07-02,Product_D,Personal_Care,214.64,88.5,0,7,3,26,224.84,234.35,275.23,244.80666666666664,269.25166666666667
2028-07-09,Product_D,Personal_Care,222.1,68.23,0,7,3,27,214.64,224.84,234.35,224.60999999999999,259.1166666666667
2028-07-16,Product_D,Personal_Care,276.02,57.69,1,7,3,28,222.1,214.64,224.84,220.52666666666664,242.75
2028-07-23,Product_D,Personal_Care,184.86,87.63,0,7,3,29,276.02,222.1,214.64,237.58666666666667,241.19666666666663
2028-07-30,Product_D,Personal_Care,254.33,65.52,0,7,3,30,184.86,276.02,222.1,227.66,226.135
2028-08-06,Product_D,Personal_Care,266.92,49.93,1,8,3,31,254.33,184.86,276.02,238.4033333333333,229.465
2028-08-13,Product_D,Personal_Care,188.05,58.66,0,8,3,32,266.92,254.33,184.86,235.37,236.47833333333332
2028-08-20,Product_D,Personal_Care,240.43,27.32,0,8,3,33,188.05,266.92,254.33,236.4333333333333,232.04666666666665
2028-08-27,Product_D,Personal_Care,217.63,40.38,0,8,3,34,240.43,188.05,266.92,231.79999999999998,235.1016666666667
2028-09-03,Product_D,Personal_Care,213.56,83.42,0,9,3,35,217.63,240.43,188.05,215.37,225.37
2028-09-10,Product_D,Personal_Care,211.1,81.74,0,9,3,36,213.56,217.63,240.43,223.87333333333333,230.15333333333334
2028-09-17,Product_D,Personal_Care,243.28,54.75,0,9,3,37,211.1,213.56,217.63,214.09666666666666,222.94833333333335
2028-09-24,Product_D,Personal_Care,195.15,70.7,0,9,3,38,243.28,211.1,213.56,222.64666666666668,219.00833333333333
2028-10-01,Product_D,Personal_Care,210.93,57.37,0,10,4,39,195.15,243.28,211.1,216.51,220.19166666666663
2028-10-08,Product_D,Personal_Care,198.71,67.01,0,10,4,40,210.93,195.15,243.28,216.45333333333335,215.27499999999998
2028-10-15,Product_D,Personal_Care,187.15,35.84,0,10,4,41,198.71,210.93,195.15,201.59666666666666,212.12166666666667
2028-10-22,Product_D,Personal_Care,207.98,79.27,0,10,4,42,187.15,198.71,210.93,198.93000000000004,207.72000000000003
2028-10-29,Product_D,Personal_Care,213.19,81.18,0,10,4,43,207.98,187.15,198.71,197.94666666666663,207.19999999999996
2028-11-05,Product_D,Personal_Care,270.79,81.64,1,11,4,44,213.19,207.98,187.15,202.7733333333333,202.18499999999997
2028-11-12,Product_D,Personal_Care,241.74,38.59,0,11,4,45,270.79,213.19,207.98,230.65333333333334,214.79166666666666
2028-11-19,Product_D,Personal_Care,285.48,41.42,1,11,4,46,241.74,270.79,213.19,241.90666666666667,219.92666666666665
2028-11-26,Product_D,Personal_Care,224.28,44.7,0,11,4,47,285.48,241.74,270.79,266.00333333333333,234.38833333333332
2028-12-03,Product_D,Personal_Care,215.63,83.66,0,12,4,48,224.28,285.48,241.74,250.5,240.57666666666668
2028-12-10,Product_D,Personal_Care,243.74,52.88,0,12,4,49,215.63,224.28,285.48,241.79666666666665,241.8516666666667
2028-12-17,Product_D,Personal_Care,308.15,34.67,1,12,4,50,243.74,215.63,224.28,227.88333333333333,246.94333333333336
2028-12-24,Product_D,Personal_Care,260.13,26.77,0,12,4,51,308.15,243.74,215.63,255.84,253.17
2028-12-31,Product_D,Personal_Care,212.17,85.6,0,12,4,52,260.13,308.15,243.74,270.67333333333335,256.23499999999996
2029-01-07,Product_D,Personal_Care,265.84,53.64,0,1,1,1,212.17,260.13,308.15,260.15,244.01666666666665
2029-01-14,Product_D,Personal_Care,291.04,23.61,0,1,1,2,265.84,212.17,260.13,246.04666666666665,250.9433333333333
2029-01-21,Product_D,Personal_Care,330.31,54.72,1,1,1,3,291.04,265.84,212.17,256.34999999999997,263.51166666666666
2029-01-28,Product_D,Personal_Care,297.31,51.32,0,1,1,4,330.31,291.04,265.84,295.73,277.94
2029-02-04,Product_D,Personal_Care,299.36,56.38,1,2,1,5,297.31,330.31,291.04,306.22,276.1333333333333
2029-02-11,Product_D,Personal_Care,268.37,29.34,0,2,1,6,299.36,297.31,330.31,308.99333333333334,282.6716666666667
2029-02-18,Product_D,Personal_Care,273.53,45.43,0,2,1,7,268.37,299.36,297.31,288.34666666666664,292.03833333333336
2029-02-25,Product_D,Personal_Care,264.8,66.46,0,2,1,8,273.53,268.37,299.36,280.42,293.32
2029-03-04,Product_D,Personal_Care,270.66,35.1,0,3,1,9,264.8,273.53,268.37,268.9,288.94666666666666
2029-03-11,Product_D,Personal_Care,274.25,72.48,0,3,1,10,270.66,264.8,273.53,269.66333333333336,279.005
2029-03-18,Product_D,Personal_Care,276.03,76.79,0,3,1,11,274.25,270.66,264.8,269.90333333333336,275.1616666666667
2029-03-25,Product_D,Personal_Care,271.6,84.35,0,3,1,12,276.03,274.25,270.66,273.6466666666667,271.2733333333333
2029-04-01,Product_D,Personal_Care,264.66,23.78,0,4,2,13,271.6,276.03,274.25,273.96,271.81166666666667
2029-04-08,Product_D,Personal_Care,275.67,51.19,0,4,2,14,264.66,271.6,276.03,270.7633333333333,270.3333333333333
2029-04-15,Product_D,Personal_Care,282.75,15.75,0,4,2,15,275.67,264.66,271.6,270.6433333333334,272.145
2029-04-22,Product_D,Personal_Care,254.81,43.77,0,4,2,16,282.75,275.67,264.66,274.36000000000007,274.16
2029-04-29,Product_D,Personal_Care,245.94,68.6,0,4,2,17,254.81,282.75,275.67,271.07666666666665,270.92
2029-05-06,Product_D,Personal_Care,280.21,31.33,0,5,2,18,245.94,254.81,282.75,261.1666666666667,265.90500000000003
2029-05-13,Product_D,Personal_Care,265.37,24.8,0,5,2,19,280.21,245.94,254.81,260.32,267.34
2029-05-20,Product_D,Personal_Care,256.16,73.54,0,5,2,20,265.37,280.21,245.94,263.84,267.4583333333333
2029-05-27,Product_D,Personal_Care,266.23,21.0,0,5,2,21,256.16,265.37,280.21,267.24666666666667,264.20666666666665
2029-06-03,Product_D,Personal_Care,295.17,75.57,1,6,2,22,266.23,256.16,265.37,262.58666666666664,261.4533333333333
2029-06-10,Product_D,Personal_Care,245.16,83.64,0,6,2,23,295.17,266.23,256.16,272.52000000000004,268.18
2029-06-17,Product_D,Personal_Care,309.01,73.71,1,6,2,24,245.16,295.17,266.23,268.85333333333335,268.05
2029-06-24,Product_D,Personal_Care,216.42,74.93,0,6,2,25,309.01,245.16,295.17,283.11333333333334,272.84999999999997
2029-07-01,Product_D,Personal_Care,226.49,69.54,0,7,3,26,216.42,309.01,245.16,256.86333333333334,264.69166666666666
2029-07-08,Product_D,Personal_Care,225.85,26.68,0,7,3,27,226.49,216.42,309.01,250.64,259.74666666666667
2029-07-15,Product_D,Personal_Care,225.86,29.02,0,7,3,28,225.85,226.49,216.42,222.92,253.01666666666665
2029-07-22,Product_D,Personal_Care,291.79,89.89,1,7,3,29,225.86,225.85,226.49,226.0666666666667,241.465
2029-07-29,Product_D,Personal_Care,216.49,82.62,0,7,3,30,291.79,225.86,225.85,247.83333333333334,249.23666666666665
